Archive member included to satisfy reference by file (symbol)

/home/lixx/ZGCX/S1_Project/SSC308QE_SDK/Iford_IMD00V005.0.1_fastboot/SourceCode/SSC308QE_SDK_TEXT/SSC308QE_CODEBASE/sdk/linux/init/sensor/../../obj/uclibc/9.1.0/sensor.o
                              (--whole-archive)
/home/lixx/ZGCX/S1_Project/SSC308QE_SDK/Iford_IMD00V005.0.1_fastboot/SourceCode/SSC308QE_SDK_TEXT/SSC308QE_CODEBASE/sdk/linux/init/sensor/csi_init.o
                              (--whole-archive)
/home/lixx/ZGCX/S1_Project/SSC308QE_SDK/Iford_IMD00V005.0.1_fastboot/SourceCode/SSC308QE_SDK_TEXT/SSC308QE_CODEBASE/sdk/linux/init/sensor/sensor_export.o
                              (--whole-archive)
/home/lixx/ZGCX/S1_Project/SSC308QE_SDK/Iford_IMD00V005.0.1_fastboot/SourceCode/SSC308QE_SDK_TEXT/SSC308QE_CODEBASE/sdk/linux/init/sensor/sensor_init.o
                              (--whole-archive)
/home/lixx/ZGCX/S1_Project/SSC308QE_SDK/Iford_IMD00V005.0.1_fastboot/SourceCode/SSC308QE_SDK_TEXT/SSC308QE_CODEBASE/sdk/linux/init/aio/../../obj/uclibc/9.1.0/aio.o
                              (--whole-archive)
/home/lixx/ZGCX/S1_Project/SSC308QE_SDK/Iford_IMD00V005.0.1_fastboot/SourceCode/SSC308QE_SDK_TEXT/SSC308QE_CODEBASE/sdk/linux/init/aio/aio_init.o
                              (--whole-archive)
/home/lixx/ZGCX/S1_Project/SSC308QE_SDK/Iford_IMD00V005.0.1_fastboot/SourceCode/SSC308QE_SDK_TEXT/SSC308QE_CODEBASE/sdk/linux/init/rgn/../../obj/uclibc/9.1.0/rgn.o
                              (--whole-archive)
/home/lixx/ZGCX/S1_Project/SSC308QE_SDK/Iford_IMD00V005.0.1_fastboot/SourceCode/SSC308QE_SDK_TEXT/SSC308QE_CODEBASE/sdk/linux/init/rgn/rgn_init.o
                              (--whole-archive)
/home/lixx/ZGCX/S1_Project/SSC308QE_SDK/Iford_IMD00V005.0.1_fastboot/SourceCode/SSC308QE_SDK_TEXT/SSC308QE_CODEBASE/sdk/linux/init/ive/../../obj/uclibc/9.1.0/ive.o
                              (--whole-archive)
/home/lixx/ZGCX/S1_Project/SSC308QE_SDK/Iford_IMD00V005.0.1_fastboot/SourceCode/SSC308QE_SDK_TEXT/SSC308QE_CODEBASE/sdk/linux/init/ive/ive_init.o
                              (--whole-archive)
/home/lixx/ZGCX/S1_Project/SSC308QE_SDK/Iford_IMD00V005.0.1_fastboot/SourceCode/SSC308QE_SDK_TEXT/SSC308QE_CODEBASE/sdk/linux/init/ao/../../obj/uclibc/9.1.0/ao.o
                              (--whole-archive)
/home/lixx/ZGCX/S1_Project/SSC308QE_SDK/Iford_IMD00V005.0.1_fastboot/SourceCode/SSC308QE_SDK_TEXT/SSC308QE_CODEBASE/sdk/linux/init/ao/ao_init.o
                              (--whole-archive)
/home/lixx/ZGCX/S1_Project/SSC308QE_SDK/Iford_IMD00V005.0.1_fastboot/SourceCode/SSC308QE_SDK_TEXT/SSC308QE_CODEBASE/sdk/linux/init/shadow/../../obj/uclibc/9.1.0/shadow.o
                              (--whole-archive)
/home/lixx/ZGCX/S1_Project/SSC308QE_SDK/Iford_IMD00V005.0.1_fastboot/SourceCode/SSC308QE_SDK_TEXT/SSC308QE_CODEBASE/sdk/linux/init/shadow/shadow_init.o
                              (--whole-archive)
/home/lixx/ZGCX/S1_Project/SSC308QE_SDK/Iford_IMD00V005.0.1_fastboot/SourceCode/SSC308QE_SDK_TEXT/SSC308QE_CODEBASE/sdk/linux/init/isp/../../obj/uclibc/9.1.0/isp.o
                              (--whole-archive)
/home/lixx/ZGCX/S1_Project/SSC308QE_SDK/Iford_IMD00V005.0.1_fastboot/SourceCode/SSC308QE_SDK_TEXT/SSC308QE_CODEBASE/sdk/linux/init/isp/isp_init.o
                              (--whole-archive)
/home/lixx/ZGCX/S1_Project/SSC308QE_SDK/Iford_IMD00V005.0.1_fastboot/SourceCode/SSC308QE_SDK_TEXT/SSC308QE_CODEBASE/sdk/linux/init/isp/ispmid_init.o
                              (--whole-archive)
/home/lixx/ZGCX/S1_Project/SSC308QE_SDK/Iford_IMD00V005.0.1_fastboot/SourceCode/SSC308QE_SDK_TEXT/SSC308QE_CODEBASE/sdk/linux/init/isp/mload_init.o
                              (--whole-archive)
/home/lixx/ZGCX/S1_Project/SSC308QE_SDK/Iford_IMD00V005.0.1_fastboot/SourceCode/SSC308QE_SDK_TEXT/SSC308QE_CODEBASE/sdk/linux/init/ipu/../../obj/uclibc/9.1.0/ipu.o
                              (--whole-archive)
/home/lixx/ZGCX/S1_Project/SSC308QE_SDK/Iford_IMD00V005.0.1_fastboot/SourceCode/SSC308QE_SDK_TEXT/SSC308QE_CODEBASE/sdk/linux/init/ipu/ipu_init.o
                              (--whole-archive)
/home/lixx/ZGCX/S1_Project/SSC308QE_SDK/Iford_IMD00V005.0.1_fastboot/SourceCode/SSC308QE_SDK_TEXT/SSC308QE_CODEBASE/sdk/linux/init/sys/../../obj/uclibc/9.1.0/sys.o
                              (--whole-archive)
/home/lixx/ZGCX/S1_Project/SSC308QE_SDK/Iford_IMD00V005.0.1_fastboot/SourceCode/SSC308QE_SDK_TEXT/SSC308QE_CODEBASE/sdk/linux/init/sys/cmdq_export.o
                              (--whole-archive)
/home/lixx/ZGCX/S1_Project/SSC308QE_SDK/Iford_IMD00V005.0.1_fastboot/SourceCode/SSC308QE_SDK_TEXT/SSC308QE_CODEBASE/sdk/linux/init/sys/cmdq_init.o
                              (--whole-archive)
/home/lixx/ZGCX/S1_Project/SSC308QE_SDK/Iford_IMD00V005.0.1_fastboot/SourceCode/SSC308QE_SDK_TEXT/SSC308QE_CODEBASE/sdk/linux/init/sys/sys_init.o
                              (--whole-archive)
[...]
Memory Configuration

Name             Origin             Length             Attributes
*default*        0x0000000000000000 0xffffffffffffffff

Linker script and memory map

LOAD /home/lixx/ZGCX/S1_Project/SSC308QE_SDK/Iford_IMD00V005.0.1_fastboot/SourceCode/SSC308QE_SDK_TEXT/SSC308QE_CODEBASE/sdk/linux/init/module.o
LOAD /home/lixx/ZGCX/S1_Project/SSC308QE_SDK/Iford_IMD00V005.0.1_fastboot/SourceCode/SSC308QE_SDK_TEXT/SSC308QE_CODEBASE/sdk/linux/init/sensor/lib.a
LOAD /home/lixx/ZGCX/S1_Project/SSC308QE_SDK/Iford_IMD00V005.0.1_fastboot/SourceCode/SSC308QE_SDK_TEXT/SSC308QE_CODEBASE/sdk/linux/init/aio/lib.a
LOAD /home/lixx/ZGCX/S1_Project/SSC308QE_SDK/Iford_IMD00V005.0.1_fastboot/SourceCode/SSC308QE_SDK_TEXT/SSC308QE_CODEBASE/sdk/linux/init/rgn/lib.a
LOAD /home/lixx/ZGCX/S1_Project/SSC308QE_SDK/Iford_IMD00V005.0.1_fastboot/SourceCode/SSC308QE_SDK_TEXT/SSC308QE_CODEBASE/sdk/linux/init/ive/lib.a
LOAD /home/lixx/ZGCX/S1_Project/SSC308QE_SDK/Iford_IMD00V005.0.1_fastboot/SourceCode/SSC308QE_SDK_TEXT/SSC308QE_CODEBASE/sdk/linux/init/ao/lib.a
LOAD /home/lixx/ZGCX/S1_Project/SSC308QE_SDK/Iford_IMD00V005.0.1_fastboot/SourceCode/SSC308QE_SDK_TEXT/SSC308QE_CODEBASE/sdk/linux/init/shadow/lib.a
LOAD /home/lixx/ZGCX/S1_Project/SSC308QE_SDK/Iford_IMD00V005.0.1_fastboot/SourceCode/SSC308QE_SDK_TEXT/SSC308QE_CODEBASE/sdk/linux/init/isp/lib.a
LOAD /home/lixx/ZGCX/S1_Project/SSC308QE_SDK/Iford_IMD00V005.0.1_fastboot/SourceCode/SSC308QE_SDK_TEXT/SSC308QE_CODEBASE/sdk/linux/init/ipu/lib.a
LOAD /home/lixx/ZGCX/S1_Project/SSC308QE_SDK/Iford_IMD00V005.0.1_fastboot/SourceCode/SSC308QE_SDK_TEXT/SSC308QE_CODEBASE/sdk/linux/init/sys/lib.a
LOAD /home/lixx/ZGCX/S1_Project/SSC308QE_SDK/Iford_IMD00V005.0.1_fastboot/SourceCode/SSC308QE_SDK_TEXT/SSC308QE_CODEBASE/sdk/linux/init/disp/lib.a
LOAD /home/lixx/ZGCX/S1_Project/SSC308QE_SDK/Iford_IMD00V005.0.1_fastboot/SourceCode/SSC308QE_SDK_TEXT/SSC308QE_CODEBASE/sdk/linux/init/vif/lib.a
LOAD /home/lixx/ZGCX/S1_Project/SSC308QE_SDK/Iford_IMD00V005.0.1_fastboot/SourceCode/SSC308QE_SDK_TEXT/SSC308QE_CODEBASE/sdk/linux/init/common/lib.a
LOAD /home/lixx/ZGCX/S1_Project/SSC308QE_SDK/Iford_IMD00V005.0.1_fastboot/SourceCode/SSC308QE_SDK_TEXT/SSC308QE_CODEBASE/sdk/linux/init/ai/lib.a
LOAD /home/lixx/ZGCX/S1_Project/SSC308QE_SDK/Iford_IMD00V005.0.1_fastboot/SourceCode/SSC308QE_SDK_TEXT/SSC308QE_CODEBASE/sdk/linux/init/venc/lib.a
LOAD /home/lixx/ZGCX/S1_Project/SSC308QE_SDK/Iford_IMD00V005.0.1_fastboot/SourceCode/SSC308QE_SDK_TEXT/SSC308QE_CODEBASE/sdk/linux/init/scl/lib.a

.interp
 *(.interp)

.note.gnu.build-id
 *(.note.gnu.build-id)

.hash
 *(.hash)

.gnu.hash
 *(.gnu.hash)

.dynsym
 *(.dynsym)

.dynstr
 *(.dynstr)

.gnu.version
 *(.gnu.version)

.gnu.version_d
 *(.gnu.version_d)

.gnu.version_r
 *(.gnu.version_r)

.rel.init
 *(.rel.init)

.rela.init
 *(.rela.init)

.rel.text
 *(.rel.text)

.rela.text
 *(.rela.text)

.rel.fini
 *(.rel.fini)

.rela.fini
 *(.rela.fini)

.rel.rodata
 *(.rel.rodata)

.rela.rodata
 *(.rela.rodata)

.rel.data.rel.ro
 *(.rel.data.rel.ro)

.rela.data.rel.ro
 *(.rela.data.rel.ro)

.rel.data
 *(.rel.data)

.rela.data
 *(.rela.data)

.rel.tdata
 *(.rel.tdata)

.rela.tdata
 *(.rela.tdata)

.rel.tbss
 *(.rel.tbss)

.rela.tbss
 *(.rela.tbss)

.rel.ctors
 *(.rel.ctors)

.rela.ctors
 *(.rela.ctors)

.rel.dtors
 *(.rel.dtors)

.rela.dtors
 *(.rela.dtors)

.rel.got
 *(.rel.got)

.rela.got
 *(.rela.got)

.rel.bss
 *(.rel.bss)

.rela.bss
 *(.rela.bss)

.rel.iplt
 *(.rel.iplt)

.rela.iplt
 *(.rela.iplt)

.rel.plt
 *(.rel.plt)

.rela.plt
 *(.rela.plt)

.init
 *(SORT_NONE(.init))

.plt
 *(.plt)

.iplt
 *(.iplt)

.text           0x0000000000000000   0x1292fc
 *(.text .stub)
 .text          0x0000000000000000        0x0 /home/lixx/ZGCX/S1_Project/SSC308QE_SDK/Iford_IMD00V005.0.1_fastboot/SourceCode/SSC308QE_SDK_TEXT/SSC308QE_CODEBASE/sdk/linux/init/module.o
 .text          0x0000000000000000     0x8bb4 /home/lixx/ZGCX/S1_Project/SSC308QE_SDK/Iford_IMD00V005.0.1_fastboot/SourceCode/SSC308QE_SDK_TEXT/SSC308QE_CODEBASE/sdk/linux/init/sensor/../../obj/uclibc/9.1.0/sensor.o
                0x0000000000000330                drv_sensor_insmod
                0x0000000000000360                drv_sensor_rmmod
                0x0000000000000388                MI_DEVICE_WrapperFunction_sensor
                0x00000000000003a0                IS_PRINT_MATCH_sensor
                0x0000000000000408                MI_DEVICE_Instance_sensor
                0x0000000000000410                MI_DEVICE_GetSelfDir_sensor
                0x000000000000041c                AddUTIoctlTable
                0x000000000000041e                sensor__module_init
                0x00000000000004e8                sensor__module_exit
                0x0000000000000644                MI_SENSOR_IMPL_GetPadInfo
                0x00000000000006ec                MI_SENSOR_IMPL_GetPlaneInfo
                0x00000000000007b8                MI_SENSOR_IMPL_GetFps
                0x0000000000000940                MI_SENSOR_IMPL_SetFps
                0x00000000000009cc                MI_SENSOR_IMPL_QueryResCount
                0x0000000000000ab0                MI_SENSOR_IMPL_GetRes
                0x0000000000000b5c                MI_SENSOR_IMPL_GetCurRes
                0x0000000000000c44                MI_SENSOR_IMPL_SetOrien
                0x0000000000000cdc                MI_SENSOR_IMPL_GetOrien
                0x0000000000000ef0                MI_SENSOR_IMPL_PMVoteOn
                0x0000000000000f08                MI_SENSOR_IMPL_PMVoteOff
                0x0000000000000f20                MI_SENSOR_IMPL_Enable
                0x0000000000001038                MI_SENSOR_IMPL_Disable
                0x00000000000010fc                MI_SENSOR_IMPL_GetAnadecSrcType
                0x00000000000011d0                MI_SENSOR_IMPL_SetAnadecSrcType
                0x00000000000012a4                MI_SENSOR_IMPL_SetRes
                0x0000000000001344                MI_SENSOR_IMPL_SetPlaneMode
                0x00000000000013e4                MI_SENSOR_IMPL_GetPlaneMode
                0x000000000000146c                MI_SENSOR_IMPL_CustFunction
                0x00000000000015cc                MI_SENSOR_IMPL_ModParamPrint
                0x00000000000015d0                MI_SENSOR_IMPL_ModParamInit
                0x000000000000167c                MI_SENSOR_IMPL_LoadExternalConfig
                0x000000000000168c                MI_SENSOR_IMPL_GetSnrPmStatus
                0x000000000000170c                MI_SENSOR_IMPL_PreSuspend
                0x000000000000180c                MI_SENSOR_IMPL_ExitPreSuspend
                0x0000000000001908                _MI_SENSOR_IMPL_ModDbgParams_Init
                0x0000000000001adc                MI_SENSOR_IMPL_Insmod
                0x0000000000001ae6                MI_SENSOR_IMPL_Init
                0x0000000000001bf8                MI_SENSOR_IMPL_DeInit
                0x0000000000001cf4                MI_SENSOR_DEBUG_SetCsiClk
                0x0000000000001d0a                MI_SENSOR_DEBUG_GetCsiClk
                0x0000000000001d14                MI_SENSOR_DEBUG_GetCsiClkRateByIdx
                0x0000000000001d18                MI_SENSOR_DEBUG_GetCsiClkDfs
                0x0000000000001d1c                MI_SENSOR_DEBUG_SetCsiDbgMask
                0x0000000000001d26                MI_SENSOR_DEBUG_GetCsiDbgMask
                0x0000000000001d30                MI_SENSOR_DEBUG_SetCsiRptMask
                0x0000000000001d3a                MI_SENSOR_DEBUG_GetCsiRptMask
                0x0000000000001d44                MI_SENSOR_DEBUG_SetCsiInts
                0x0000000000001d50                MI_SENSOR_DEBUG_GetCsiInts
                0x0000000000001db4                MI_SENSOR_DEBUG_SetCsiInfo
                0x0000000000001dc0                MI_SENSOR_DEBUG_GetCsiInfo
                0x0000000000001e0c                MI_SENSOR_DEBUG_GetSensorInfo
                0x0000000000001e16                MI_SENSOR_DEBUG_IrControl
                0x0000000000001f5a                MI_SENSOR_CJSONPARSER_LoadExtrnalConfig
                0x000000000000276c                DRV_SENSOR_I2C_Open
                0x0000000000002770                DRV_SENSOR_I2C_Close
                0x0000000000002774                _DrvSensorGetI2CMaster
                0x000000000000278e                DRV_SENSOR_I2C_Write
                0x00000000000027be                DRV_SENSOR_I2C_Read
                0x00000000000027ee                DRV_SENSOR_I2C_ArrayWrite
                0x000000000000283a                DRV_SENSOR_I2C_BurstWrite
                0x000000000000286e                DRV_SENSOR_I2C_BurstRead
                0x00000000000028a2                DRV_SENSOR_I2C_ArrayRead
                0x00000000000028f0                DRV_SENSOR_I2C_Attach
                0x0000000000002938                DRV_SENSOR_IF_IrControl
                0x0000000000002960                DRV_SENSOR_IF_SetVifSetIoPad
                0x000000000000296e                DRV_SENSOR_IF_SetSensorMCLK
                0x00000000000029ec                _DRV_SENSOR_IF_SetUserDefInfo
                0x0000000000002b70                DRV_SENSOR_IF_GetInfo
                0x0000000000002c60                DRV_SENSOR_IF_ExSensorConvertMclk
                0x0000000000002d08                _DRV_SENSOR_IF_Register_CallBack
                0x0000000000002d14                _DRV_SENSOR_IF_UnRegister_CallBack
                0x0000000000002d24                DRV_SENSOR_IF_GetParllelPinPol
                0x0000000000002d40                DRV_SENSOR_IF_GetParallelPinMsbShift
                0x0000000000002d4e                DRV_SENSOR_IF_CtxInit
                0x0000000000002d5c                DRV_SENSOR_IF_RegisterSensorI2CSlaveID
                0x0000000000002d88                DRV_SENSOR_IF_RegisterPlaneI2CSlaveID
                0x0000000000002db8                DRV_SENSOR_IF_ExSetMclk
                0x0000000000002e14                DRV_SENSOR_IF_ExSetLaneNum
                0x0000000000002e44                DRV_SENSOR_IF_ExSetHdrLaneNum
                0x0000000000002e7c                DRV_SENSOR_IF_SetAnaLaneSelect
                0x0000000000002e80                DRV_SENSOR_IF_SetAnaLaneSwap
                0x0000000000002e84                DRV_SENSOR_IF_SetExternalConfig
                0x0000000000002f3c                DRV_SENSOR_IF_SensorHandleVer
                0x0000000000002f46                DRV_SENSOR_IF_SensorIFVer
                0x0000000000002f4a                DRV_SENSOR_IF_SensorI2CVer
                0x0000000000002f54                DRV_SENSOR_IF_GetUserDefInfo
                0x0000000000002f70                DRV_SENSOR_IF_RegisterSensorDriverEx
                0x00000000000030e0                DRV_SENSOR_IF_RegisterSensorDriver
                0x00000000000030e6                DRV_SENSOR_IF_RegisterPlaneDriverEx
                0x0000000000003278                DRV_SENSOR_IF_RegisterPlaneDriver
                0x000000000000327e                DRV_SENSOR_IF_Exist
                0x00000000000032a8                DRV_SENSOR_IF_DeInit
                0x000000000000332c                DRV_SENSOR_IF_StrDefault
                0x0000000000003374                DRV_SENSOR_IF_Suspend
                0x0000000000003408                DRV_SENSOR_IF_Resume
                0x00000000000034bc                DRV_SENSOR_IF_EarlyInitStreamOn
                0x000000000000359c                DRV_SENSOR_IF_GetPlaneMode
                0x00000000000035bc                DRV_SENSOR_IF_GetPlaneInfo
                0x00000000000037a8                DRV_SENSOR_IF_Init
                0x000000000000397c                DRV_SENSOR_IF_Release
                0x00000000000039d8                DRV_SENSOR_IF_SetOrien
                0x0000000000003a94                DRV_SENSOR_IF_GetOrien
                0x0000000000003b40                DRV_SENSOR_IF_SetFPS
                0x0000000000003be0                DRV_SENSOR_IF_GetFPS
                0x0000000000003c38                DRV_SENSOR_IF_SwitchId
                0x0000000000003c3c                DRV_SENSOR_IF_GetCurSwitchId
                0x0000000000003c40                DRV_SENSOR_IF_SetRes
                0x0000000000003ca4                DRV_SENSOR_IF_QueryResCount
                0x0000000000003d28                DRV_SENSOR_IF_GetRes
                0x0000000000003df4                DRV_SENSOR_IF_GetCurRes
                0x0000000000003ebc                DRV_SENSOR_IF_CustFunction
                0x0000000000003f24                DRV_SENSOR_IF_GetAnadecSrcAttr
                0x0000000000003ff0                DRV_SENSOR_IF_SetAnadecSrcAttr
                0x00000000000040a4                DRV_SENSOR_IF_InitRxPadAttr
                0x00000000000042d8                DRV_SENSOR_IF_RegBankAddrMap
                0x00000000000042dc                DRV_SENSOR_IF_InitCommon
                0x0000000000004340                DRV_SENSOR_IF_DeinitCommon
                0x0000000000004370                DRV_SENSOR_IF_I2cRead
                0x0000000000004424                DRV_SENSOR_IF_I2cWrite
                0x00000000000044c8                DrvSensorSetEarlyInitSetting
                0x0000000000004618                DRV_SENSOR_IF_GetSnrInfo
                0x0000000000004714                DRV_SENSOR_IF_Dev2SnrPadCtxInit
                0x0000000000004750                DRV_SENSOR_IF_SetDev2SnrPadMap
                0x0000000000004770                DRV_SENSOR_IF_Dev2SnrPadId
                0x00000000000047a4                DRV_SENSOR_IF_GetPlaneInfoByChn
                0x000000000000498c                DRV_SENSOR_IF_TryShutter
                0x0000000000004a30                DRV_SENSOR_IF_SetUs
                0x0000000000004ae4                DRV_SENSOR_IF_GetUs
                0x0000000000004ba0                DRV_SENSOR_IF_SetGain
                0x0000000000004c54                DRV_SENSOR_IF_TryGain
                0x0000000000004cf8                DRV_SENSOR_IF_GetGain
                0x0000000000004db8                DRV_SENSOR_IF_SetISPConverStatus
                0x0000000000004e6c                DRV_SENSOR_IF_AeNotify
                0x0000000000004f3c                DRV_SENSOR_IF_GetDevIdBySnrPadId
                0x0000000000004f68                DRV_SENSOR_IF_SetPlaneMode
                0x0000000000005040                DRV_SENSOR_IF_EarlyInitSync
                0x0000000000005098                DRV_SENSOR_IF_SnrPad2GroupId
                0x00000000000050ec                _DRV_SENSOR_IF_SetSkipFrame
                0x000000000000513c                DRV_SENSOR_IF_ShowInfo
                0x00000000000054e4                DRV_SENSOR_IF_FrameEndNotify
                0x0000000000005504                DRV_SENSOR_IF_FrameStartNotify
                0x000000000000550e                DRV_SENSOR_IF_RegisterVcmDriver
                0x0000000000005594                DRV_SENSOR_IF_ReleaseVcmDriver
                0x0000000000005598                DRV_SENSOR_IF_VcmSetPos
                0x0000000000005600                DRV_SENSOR_IF_VcmGetCurPos
                0x0000000000005668                DRV_SENSOR_IF_VcmGetMinMaxPos
                0x00000000000056d4                DRV_SENSORIF_WORK_ThreadWqAdd
                0x000000000000574a                DRV_SENSORIF_WORK_ThreadWqGet
                0x00000000000057b0                DRV_SENSORIF_WORK_ThreadWqProc
                0x0000000000005810                DRV_SENSORIF_WORK_ThreadWqClean
                0x000000000000585c                DRV_SENSORIF_WORK_ThreadWqInit
                0x00000000000058e0                DRV_SENSORIF_WORK_ThreadWqDeinit
                0x0000000000005900                DRV_SENSORIF_WORK_ThreadWqFlush
                0x0000000000005938                DRV_SENSOR_ClkInit
                0x0000000000005970                DRV_SENSOR_ClkEnable
                0x00000000000059a0                DRV_SENSOR_ClkDisable
                0x00000000000059c8                DRV_SENSOR_ClkSetRate
                0x00000000000059f0                DRV_SENSOR_ClkDeInit
                0x0000000000005a28                I2C_HACKING_I2CWriteRegisterPair
                0x0000000000005b14                I2C_HACKING_I2CWriteRegisterBurst
                0x0000000000005c74                I2C_HACKING_I2CReadRegisterBurst
                0x0000000000005d34                I2C_HACKING_I2CReadRegisterPair
                0x0000000000005eb0                EXT_log_2
                0x0000000000005ef8                intlog10
                0x0000000000005f24                intpow
                0x0000000000005f56                intsqrt
                0x0000000000005fc4                ufact
                0x0000000000005ff0                round_float
                0x0000000000006034                base2_exp_float_pow
                0x00000000000060d8                SNRIFLogSetEn
                0x00000000000060f0                SNRIFLogGetEn
                0x00000000000060fc                DrvSensorIfUt
                0x0000000000006550                DRV_CSI_Init
                0x0000000000006598                DRV_CSI_Uninit
                0x00000000000065e0                DRV_CSI_SetClkDivMac
                0x00000000000065e4                DRV_CSI_SetClkPreRate
                0x00000000000065f4                DRV_CSI_GetClkPreRate
                0x0000000000006608                DRV_CSI_SetClkRate
                0x0000000000006644                DRV_CSI_GetRateByIdx
                0x0000000000006680                DRV_CSI_GetClkDfs
                0x00000000000066c0                DRV_CSI_GetClkRate
                0x0000000000006700                DRV_CSI_SetClk
                0x000000000000679c                DRV_CSI_MacSoftwareReset
                0x00000000000067a6                DRV_CSI_MacVCEn
                0x00000000000067b0                DRV_CSI_AtopPdCh
                0x00000000000067ba                Drv_CSI_SetAnaLaneSwap
                0x00000000000067be                Drv_CSI_SetAnaLaneSelect
                0x00000000000067c2                DRV_CSI_SetPreSet
                0x00000000000067d0                DRV_CSI_SetLane
                0x0000000000006804                DrvCsiSetVc0HsMode
                0x0000000000006808                DRV_CSI_SetLongPacket
                0x0000000000006812                DrvCsiSetClkDataSkip
                0x000000000000681c                DRV_CSI_SetHdrMode
                0x0000000000006826                DRV_CSI_SetYuvOrderSwap
                0x0000000000006830                DRV_CSI_QueryLaneNum
                0x0000000000006848                DRV_CSI_SetPatternGen
                0x000000000000688e                DRV_CSI_DbgSetRecvSize
                0x00000000000068a8                DRV_CSI_DbgChkRecvSize
                0x0000000000006910                DRV_CSI_DbgShowRecvSize
                0x00000000000069d4                DRV_CSI_DbgSetMask
                0x00000000000069d8                DRV_CSI_DbgGetMask
                0x0000000000006a14                DRV_CSI_RptSetMask
                0x0000000000006a1a                DRV_CSI_RptGetMask
                0x0000000000006a58                DRV_CSI_ISR_IntRptShow
                0x0000000000006af0                DRV_CSI_ISR_IntShow
                0x0000000000006c04                DRV_CSI_ISR_IsrHandler
                0x0000000000006e34                DRV_CSI_ClkInit
                0x0000000000006e74                DRV_CSI_ClkSetRate
                0x0000000000006eb8                DRV_CSI_ClkGetRate
                0x0000000000006f10                DRV_CSI_CLKGetCurrentIdx
                0x0000000000006f5c                DRV_CSI_CLK_GetRateByIdx
                0x0000000000006f94                DRV_CSI_CLK_GetClkDfs
                0x0000000000006fb4                DRV_CSI_ClkGetNodeRate
                0x0000000000007048                DRV_CSI_ClkEnable
                0x0000000000007078                DRV_CSI_ClkGetEnable
                0x0000000000007088                DRV_CSI_ClkDisable
                0x00000000000070b8                DRV_CSI_ClkDeInit
                0x00000000000070e4                CSI_UT_cmd
                0x0000000000007190                CsiLogSetEn
                0x00000000000071ac                CsiLogGetEn
                0x000000000000727c                HalSnrGetHandle
                0x00000000000072b8                HalSnrSetPadMode
                0x00000000000072d4                HalSnrGetDualSnrPad
                0x00000000000072ec                HalSnrGetDualSnrConfig
                0x0000000000007300                HalSensorSetI2CMaster
                0x0000000000007328                HalSensorGetI2CMaster
                0x000000000000734c                HalSensorSetI2CPadmux
                0x0000000000007368                HalSensorGetI2CPadmux
                0x0000000000007380                HalSensorSetI2CSpeed
                0x0000000000007398                HalSensorGetI2CSpeed
                0x00000000000073ac                HalVcmSetI2CMaster
                0x00000000000073c8                HalVcmGetI2CMaster
                0x00000000000073e0                HalSnrRegBankAddrMap
                0x000000000000740c                HalSnrGetRstGpio
                0x0000000000007424                HalSnrGetPdnGpio
                0x000000000000743c                HalSnrGetRstPolMode
                0x0000000000007450                HalSnrGetPdnPolMode
                0x0000000000007464                HalSnrSetParaPinMSBShift
                0x0000000000007474                HalSnrGetParaPinMSBShift
                0x0000000000007484                HalSnrConvertMclk
                0x0000000000007500                HalSensorGetMclkId
                0x0000000000007518                HalSnrGetMclkMax
                0x0000000000007522                HalSnrSetIoPad
                0x00000000000075a2                HalSnrSetRst
                0x0000000000007606                HalSnrSetPdwn
                0x0000000000007664                HalSnrSetVifPclkSource
                0x00000000000076b2                HalSnrGetDevIdBySnrPadId
                0x00000000000076ca                HalSnrGetChnBySnrPadId
                0x00000000000076ce                HalSnrGetSnrPadIdByGroupId
                0x00000000000076e6                HalSnrShowInfo
                0x00000000000078dc                _HalCsiGetBankIDbySnrPad
                0x00000000000078f0                HalCsiAnaHsRxTxAttribute
                0x000000000000792c                HalCsiAnaMCGConfig
                0x0000000000007968                HalCsiAnaLpAttribute
                0x0000000000007a20                HalCsiAnaDynGatingClkNsEnable
                0x0000000000007a3c                HalCsiAnaPowerDownLptxVreg
                0x0000000000007a58                HalCsiAnaPdHsMode
                0x0000000000007a74                HalCsiAnaPdWholeDphyAnalog
                0x0000000000007a90                HalCsiAnaSetLpRxEnable
                0x0000000000007b2c                HalCsiAnaSetHsTxPolarity
                0x0000000000007b94                HalCsiAnaTestModeEnable
                0x0000000000007bcc                HalCsiAnaSetLaneSelect
                0x0000000000007c70                HalCsiAnaSetHsRxData
                0x0000000000007d0c                HalCsiAnaGetDatalaneStatus
                0x0000000000007d74                HalCsiAnaSkipHsInHSRXMode
                0x0000000000007da4                HalCsiAnaDigSoftwareReset
                0x0000000000007e94                HalCsiDigSetLaneSelect
                0x0000000000007ee4                HalCsiDigEnableDataChannelDeskew
                0x0000000000007f04                HalCsiConvertSnrClkId
                0x0000000000007f1a                HalCsiMacDataLaneEnable
                0x0000000000007f5c                HalCsiMacVCEn
                0x0000000000007f78                HalCsiMacYuv4228bitOutMode
                0x0000000000007f94                HalCsiMacUserDef
                0x0000000000008050                HalCsiMacVirtualChannelHsyncMode
                0x00000000000080ac                HalCsiMacCkgMac
                0x00000000000080fc                HalCsiMacMcgMac
                0x0000000000008138                HalCsiMacSoftwareReset
                0x0000000000008158                HalCsiMacDtEnable
                0x0000000000008184                HalCsiMacDontCareDt
                0x00000000000081a4                HalCsiMacHDRType
                0x000000000000825c                HalCsiMacGetRptIntStatus
                0x0000000000008278                HalCsiMacMaskRptInt
                0x0000000000008298                HalCsiMacClearRptInt
                0x00000000000082e0                HalCsiMacRptIntMaskGet
                0x00000000000082fc                HalCsiMacRptIntMaskSet
                0x000000000000831c                HalCsiMacGetErrorIntStatus
                0x0000000000008340                HalCsiMacMaskErrorInt
                0x0000000000008378                HalCsiMacErrIntMaskGet
                0x0000000000008398                HalCsiMacErrIntMaskSet
                0x00000000000083c0                HalCsiMacForceErrorInt
                0x00000000000083f8                HalCsiMacClearErrorInt
                0x0000000000008460                HalCsiMacGetRecvSize
                0x00000000000084a4                HalCsiMipiRx22Sel
                0x00000000000084b8                HalCsiAtopPdCh
                0x00000000000084ba                HalCsiAtopPdSel
                0x000000000000852c                HalCsiAtopRxInit
                0x0000000000008532                HalCsiSetLaneNum
                0x0000000000008544                HalCsiGetLaneNum
                0x0000000000008558                HalCsiConvertCsiClk
                0x00000000000085cc                HalCsiRegInit
                0x00000000000085ce                HalCsiRegUninit
                0x00000000000085d0                HalCsiDummy
                0x00000000000085d4                HalCSISetAnaLaneSwap
                0x0000000000008600                HalCSISetAnaLaneSelect
                0x000000000000862c                HalCsiHwReset
                0x000000000000866e                HalCsiMacInit
                0x00000000000086a4                HalCsiAnaLaneInit
                0x0000000000008770                HalCsiAnaSetLane
                0x00000000000088e0                HalCsiShowLaneInfo
                0x0000000000008984                HalCsiSetPatGen
                0x0000000000008a78                SensorNumMaxGet
                0x0000000000008a7c                SENSORIF_EARLYINIT_IsEarlyInitEnabled
                0x0000000000008a80                SENSORIF_EARLYINIT_StopEarlyInit
                0x0000000000008a84                SENSORIF_EARLYINIT_ClearEarlyInitStatus
                0x0000000000008a86                SENSORIF_EARLYINIT_GetEarlyInitInfo
                0x0000000000008a98                DrvCsiDeInitBank
                0x0000000000008ae0                DrvCsiInitBank
                0x0000000000008b68                Csi_ISR
                0x0000000000008b86                Get1LaneGroupNum
                0x0000000000008b8a                Get2LaneGroupNum
                0x0000000000008b8e                Get4LaneGroupNum
                0x0000000000008b92                GetCsiMaxSensorNum
                0x0000000000008b96                GetAnaLaneSwap
                0x0000000000008ba4                GetAnaPnSwap
 .text          0x0000000000008bb4      0x350 /home/lixx/ZGCX/S1_Project/SSC308QE_SDK/Iford_IMD00V005.0.1_fastboot/SourceCode/SSC308QE_SDK_TEXT/SSC308QE_CODEBASE/sdk/linux/init/sensor/csi_init.o
                0x0000000000008bc8                DRV_CSI_MODULE_Isr
                0x0000000000008c68                csi_devnode_init
                0x0000000000008eb8                csi_module_get_dev
                0x0000000000008ec4                DRV_CSI_MODULE_Init
                0x0000000000008ee8                DRV_CSI_MODULE_Exit
 .text          0x0000000000008f04        0x0 /home/lixx/ZGCX/S1_Project/SSC308QE_SDK/Iford_IMD00V005.0.1_fastboot/SourceCode/SSC308QE_SDK_TEXT/SSC308QE_CODEBASE/sdk/linux/init/sensor/sensor_export.o
 .text          0x0000000000008f04      0x224 /home/lixx/ZGCX/S1_Project/SSC308QE_SDK/Iford_IMD00V005.0.1_fastboot/SourceCode/SSC308QE_SDK_TEXT/SSC308QE_CODEBASE/sdk/linux/init/sensor/sensor_init.o
                0x0000000000008ff0                SENSORIF_MODULE_SstarSensorIfProbe
                0x0000000000009048                SENSORIF_MODULE_SstarSensorIfRemove
                0x0000000000009064                SensorOfPropertyReadU32
                0x0000000000009098                SensorOfPropertyReadU32Array
                0x00000000000090cc                sensorif_module_get_dev
                0x00000000000090d8                SensorWARN_ON
                0x00000000000090e8                SensorIoremap
                0x00000000000090ec                SensorIoUnmap
                0x00000000000090f0                SENSORIF_MODULE_SstarSensorIfInitDriver
                0x00000000000090fc                SENSORIF_MODULE_SstarSensorIfExitDriver
                0x0000000000009108                sensor_mod_init
                0x0000000000009118                sensor_mod_exit
 .text          0x0000000000009128     0x76a0 /home/lixx/ZGCX/S1_Project/SSC308QE_SDK/Iford_IMD00V005.0.1_fastboot/SourceCode/SSC308QE_SDK_TEXT/SSC308QE_CODEBASE/sdk/linux/init/aio/../../obj/uclibc/9.1.0/aio.o
                0x0000000000009554                DrvAudInit
                0x00000000000095d0                DrvAudDeInit
                0x000000000000961c                DrvAudResume
                0x000000000000962a                DrvAudSuspend
                0x0000000000009634                DrvAudConfigI2s
                0x0000000000009724                DrvAudEnableI2sNoneInput
                0x000000000000973e                DrvAudEnableI2s
                0x0000000000009784                DrvAudDirectDmaIsOnlyEvenCh
                0x0000000000009798                DrvAudEnableAtop
                0x00000000000097ba                DrvAudConfigSrcInputClock
                0x000000000000982e                DrvAudConfigDmaParam
                0x0000000000009908                DrvAudGetDmaSampleRate
                0x0000000000009918                DrvAudOpenDma
                0x0000000000009b00                DrvAudPrepareDma
                0x0000000000009b68                DrvAudDmaIntEnable
                0x0000000000009b6c                DrvAudStartDma
                0x0000000000009bf4                DrvAudStopDma
                0x0000000000009c4c                DrvAudPauseDma
                0x0000000000009c90                DrvAudResumeDma
                0x0000000000009cd4                DrvAudCloseDma
                0x0000000000009d30                DrvAudIsXrun
                0x0000000000009d4c                DrvAudWritePcm
                0x0000000000009edc                DrvAudReadPcm
                0x000000000000a06c                DrvAudGetBufCurrDataLen
                0x000000000000a0ac                DrvAudAoSetChannelModeDynamic
                0x000000000000a414                MhalAudioSetMicHpf
                0x000000000000a434                MhalAudioResume
                0x000000000000a454                MhalAudioSuspend
                0x000000000000bb8a                MHAL_AUDIO_Module_Init
                0x000000000000bbb0                MHAL_AUDIO_Module_DeInit
                0x000000000000bbd8                MHAL_AUDIO_GetInternalApi
                0x000000000000cc30                HalAudSetSrcOutSampleRate
                0x000000000000cd00                HalAudMainDeInit
                0x000000000000cd60                HalAudAoDetach
                0x000000000000cdcc                HalAudSetMux
                0x000000000000ce6c                HalAudSetDirectPath
                0x000000000000cfbc                HalAudSetAoPath
                0x000000000000d088                HalAudSetAiPath
                0x000000000000d0bc                HalAudSrcSetRate
                0x000000000000d11c                HalAudDirectDmaRateSet
                0x000000000000d1a8                HalAudAtopOpen
                0x000000000000d214                HalAudAtopClose
                0x000000000000d298                HalAudAtopMicAmpGain
                0x000000000000d2f0                HalAudAtopSetAdcGain
                0x000000000000d348                HalAudAtopSetAdcMux
                0x000000000000d6d0                HalAudI2sSaveTdmWsPgm
                0x000000000000d708                HalAudI2sGetTdmWsPgm
                0x000000000000d710                HalAudI2sGetTdmWsWidth
                0x000000000000d718                HalAudI2sSaveTdmWsInv
                0x000000000000d750                HalAudI2sSaveTdmBckInv
                0x000000000000d788                HalAudFrequencyOffsetMonitorControl
                0x000000000000d78c                HalAudDmaSaveCache
                0x000000000000d810                HalAudDelayControl
                0x000000000000d8bc                HalAudI2sSaveTdmShortFF
                0x000000000000d8f4                HalAudI2sGetTdmBckInv
                0x000000000000d8fc                HalAudI2sGetTdmShortFF
                0x000000000000d904                HalAudI2sGetFreOffset
                0x000000000000d90c                HalAudI2sGetFreOffsetVal
                0x000000000000d910                HalAudGetAoSrcMixInfo
                0x000000000000d92c                HalAudGetAoPathInfo
                0x000000000000d9d0                HalAudI2sGetTdmWsInv
                0x000000000000d9d8                HalAudI2sGetTdmChSwap
                0x000000000000d9e0                HalAudI2sSaveTdmWsWidth
                0x000000000000da18                HalAudI2sSetRxMode
                0x000000000000da1c                HalAudI2sSaveTdmChSwap
                0x000000000000da84                HalAudI2sSaveTxTdmActiveSlot
                0x000000000000da90                HalAudI2sGetTxTdmActiveSlot
                0x000000000000daa0                HalAudI2sSetTdmDetails
                0x000000000000dbfc                HalAudI2sSetRate
                0x000000000000dc24                HalAudI2sSetClkRef
                0x000000000000dc5c                HalAudI2sSetTdmMode
                0x000000000000dc6c                HalAudI2sSetMsMode
                0x000000000000dd08                HalAudI2sSetFmt
                0x000000000000dd80                HalAudI2sSetWidth
                0x000000000000de00                HalAudI2sSetChannel
                0x000000000000deb4                HalAudI2sSetWireMode
                0x000000000000df14                HalAudI2sSetTdmSlotConfig
                0x000000000000df5c                HalAudI2sEnableNoneInput
                0x000000000000df94                HalAudI2sEnableMck
                0x000000000000e030                HalAudI2sSetMck
                0x000000000000e0b0                HalAudI2sDynamicChSwap
                0x000000000000e12c                HalAudSetHpf
                0x000000000000e168                HalAudI2sOpenClkGate
                0x000000000000e1d4                HalAudI2sEnableBck
                0x000000000000e25c                HalAudSetBachPLL
                0x000000000000e304                HalAudDmaReset
                0x000000000000e31a                HalAudDmaEnable
                0x000000000000e3bc                HalAudDmaPause
                0x000000000000e3c2                HalAudDmaResume
                0x000000000000e3c8                HalAudDmaIntEnable
                0x000000000000e404                HalAudDmaIntLocalEnable
                0x000000000000e454                HalAudDmaGetInt
                0x000000000000e484                HalAudDmaClearInt
                0x000000000000e514                HalAudDmaGetFlags
                0x000000000000e544                HalAudDmaThdIntEnable
                0x000000000000e574                HalAudDmaThdValue
                0x000000000000e5a4                HalAudDmaGetThdInt
                0x000000000000e5d4                HalAudDmaGetThdFlags
                0x000000000000e630                HalAudDmaThdIntClr
                0x000000000000e660                HalAudDmaGetLevelCnt
                0x000000000000e678                HalAudDmaGetRawLevelCnt
                0x000000000000e682                HalAudDmaTrigLevelCnt
                0x000000000000e6e4                HalAudAdjustLevelCount
                0x000000000000e6e8                HalAudDmaSetPhyAddr
                0x000000000000e7f4                HalAudDmaAiSetThreshold
                0x000000000000e850                HalAudDmaAoSetThreshold
                0x000000000000e8ac                HalAudAiSetClkRefAndMch
                0x000000000000e9c8                HalAudAoSetClkRef
                0x000000000000ea60                HalAudAoSetChannelMode
                0x000000000000ea6e                HalAudConfigSrcInputClock
                0x000000000000ead0                HalAudAoSetClkUnRef
                0x000000000000eb24                HalAudDmaMonoEnable
                0x000000000000eb7c                HalAudDpgaCtrl
                0x000000000000ebfa                HalAudMainInit
                0x000000000000ec22                HalAudDpgaSetGain
                0x000000000000ed18                HalAudDpgaSetGainOffset
                0x000000000000edba                HalAudDmaSetRate
                0x000000000000edfc                HalAudDpgaSetGainFading
                0x000000000000eea0                HalAudDigMicEnable
                0x000000000000ef10                HalAudDigMicSetChannel
                0x000000000000ef80                HalAudDigMicSetRate
                0x000000000000f114                HalAudDigMicSetGain
                0x000000000000f180                HalAudDmaSineGenEnable
                0x000000000000f258                HalAudDmaSineGenSetFreq
                0x000000000000f2c4                HalAudDmaSineGenSetGain
                0x000000000000f334                HalAudDmaSineGenSetting
                0x000000000000f39c                HalAudDmaSineGenGetEnable
                0x000000000000f408                HalAudDmaSineGenGetSetting
                0x000000000000f46c                HalAudHdmiEanble
                0x000000000000f470                HalAudHdmiEanbleRx
                0x000000000000f474                HalAudAiSetGain
                0x000000000000f534                HalAudAoSetGain
                0x000000000000f5b0                HalAudAiSetIfMute
                0x000000000000f5b4                HalAudAoSetIfMute
                0x000000000000f5e0                HalAudAiSetIfSampleRate
                0x000000000000f748                HalAudAoSetIfSampleRate
                0x000000000000f7fc                HalAudAiSetDpgaGain
                0x000000000000f8d8                HalAudAoSetDpgaGain
                0x000000000000f9b4                HalAudAiSetDpgaMute
                0x000000000000fa54                HalAudAoSetDpgaMute
                0x000000000000fb0c                HalAudConfigDigMicSampleRate
                0x000000000000fb90                HalAudConfigDigMicChNum
                0x000000000000fbe4                HalAudConfigSrcParam
                0x000000000000fc64                HalAudAoIfMultiAttachAction
                0x000000000000fcac                HalAudDmaGetHwAddr
                0x000000000000fcf0                HalAudDmaLocalDebug
                0x000000000000fd7c                HalAudDmaImiToDmaW1
                0x000000000000fd80                HalAudDmaImiWaddrStart
                0x000000000000fd84                HalAudDmaImiWaddrEnd
                0x000000000000fd88                HalAudDmaImiInit
                0x000000000000fd8c                HalAudVadSetValue
                0x000000000000fd90                HalAudDirectSetDpgaGain
                0x000000000000fd94                HalAudConfigDigMicParam
                0x000000000000fd98                HalDtsI2sSetRxMode
                0x000000000000fd9a                HalDtsSetHpf
                0x000000000000fdb8                HalSetHpf
                0x000000000000fddc                HalDtsDmicBckMode
                0x000000000000fdf0                HalDtsDmicBckExtMode
                0x000000000000fdfc                HalDtsDmicDelay
                0x000000000000fe08                HalDtsKeepAdcPowerOn
                0x000000000000fe14                HalDtsKeepDacPowerOn
                0x000000000000fe20                HalDtsI2sRxShortFF
                0x000000000000fe2c                HalDtsI2sTxShortFF
                0x000000000000fe38                HalDtsAdcOutSel
                0x000000000000fe44                HalDtsAdcChInmux
                0x000000000000fe50                HalAudSetI2SDriving
                0x000000000000fe52                HalAudGetI2SDriving
                0x000000000000fe56                HalAudGetAdcOutSel
                0x000000000000fe6c                HalAudGetAdjustParam
                0x000000000000fea0                HalAudDmaGetRDMAHwAddr
                0x000000000000fec6                HalAudDmaGetWDMAHwAddr
                0x000000000000fef2                HalAudGetDmaIrqCnt
                0x000000000000ff1c                HalAudGetI2sStatus
                0x000000000000ff60                HalAudSetDtsStatus
                0x000000000000ff74                HalAudGainResume
                0x000000000000ffb8                HalBachSysSetBankBaseAddr
                0x000000000000ffc8                HalBachWriteRegByte
                0x000000000000fff4                HalBachWriteReg2Byte
                0x000000000001001c                HalBachWriteReg
                0x0000000000010080                HalBachReadReg2Byte
                0x0000000000010094                HalBachReadRegByte
                0x00000000000100b0                HalBachReadReg
                0x0000000000010378                DrvAudApiIrqInit
                0x0000000000010384                DrvAudApiIrqDeInit
                0x0000000000010388                DrvAudApiIrqSetDmaStopCb
                0x0000000000010394                DrvAudApiIrqRequest
                0x00000000000103b8                DrvAudApiIrqFree
                0x00000000000103cc                DrvAudApiIoAddress
                0x00000000000103d4                HalAudApiAoAmpEnable
                0x0000000000010478                HalAudApiDtsInit
                0x00000000000107b8                HalAudApiGetIrqId
 .text          0x00000000000107c8      0x2f0 /home/lixx/ZGCX/S1_Project/SSC308QE_SDK/Iford_IMD00V005.0.1_fastboot/SourceCode/SSC308QE_SDK_TEXT/SSC308QE_CODEBASE/sdk/linux/init/aio/aio_init.o
                0x0000000000010800                _GetU32InfoFromDtsByType
                0x0000000000010974                _GetArrayInfoFromDtsByType
                0x00000000000109f0                AudClkEnable
                0x0000000000010ab4                aio_mod_init
                0x0000000000010ab6                aio_mod_exit
 .text          0x0000000000010ab8     0xea28 /home/lixx/ZGCX/S1_Project/SSC308QE_SDK/Iford_IMD00V005.0.1_fastboot/SourceCode/SSC308QE_SDK_TEXT/SSC308QE_CODEBASE/sdk/linux/init/rgn/../../obj/uclibc/9.1.0/rgn.o
                0x0000000000010ec4                MI_DEVICE_WrapperFunction_rgn
                0x0000000000010edc                IS_PRINT_MATCH_rgn
                0x0000000000010f44                MI_DEVICE_Instance_rgn
                0x0000000000010f4c                MI_DEVICE_GetSelfDir_rgn
                0x0000000000010f5a                rgn__module_init
                0x0000000000011024                rgn__module_exit
                0x0000000000011ccc                MI_RGN_IMPL_GetAttr
                0x0000000000011dc4                MI_RGN_IMPL_SetBitMap
                0x0000000000012480                MI_RGN_IMPL_GetCanvasInfo
                0x00000000000127c4                MI_RGN_IMPL_GetCanvasVirtAddr
                0x0000000000012948                MI_RGN_IMPL_UpdateCanvas
                0x0000000000012c20                MI_RGN_IMPL_SetDisplayAttr
                0x000000000001302c                MI_RGN_IMPL_GetDisplayAttr
                0x000000000001319c                MI_RGN_IMPL_GetLumaVirtAddr
                0x00000000000131a4                MI_RGN_IMPL_SetColorInvertAttr
                0x00000000000131b4                MI_RGN_IMPL_GetColorInvertAttr
                0x00000000000131bc                MI_RGN_IMPL_GetLuma
                0x00000000000131c0                MI_RGN_IMPL_SetEnv
                0x0000000000013248                MI_RGN_IMPL_Rmmod
                0x0000000000013268                MI_RGN_IMPL_GetInitState
                0x0000000000013274                mi_rgn_MemAllocCnt
                0x0000000000013334                mi_rgn_MemFreeCnt
                0x00000000000133f4                MI_RGN_IMPL_Init
                0x00000000000135cc                MI_RGN_IMPL_DeInit
                0x000000000001363c                MI_RGN_IMPL_Create
                0x00000000000138c4                MI_RGN_IMPL_Destroy
                0x0000000000013a4c                MI_RGN_IMPL_AttachToChn
                0x0000000000013dfc                MI_RGN_IMPL_DetachFromChn
                0x0000000000013f9c                mi_rgn_GetInternalApis
                0x00000000000151bc                MI_RGN_DRV_InitBufWork
                0x00000000000151c0                MI_RGN_DRV_DeinitBufWork
                0x00000000000151dc                MI_RGN_DRV_GetInstance
                0x00000000000152d8                MI_RGN_DRV_Init
                0x00000000000152f4                MI_RGN_DRV_Deinit
                0x000000000001532c                MI_RGN_DRV_SetEnv
                0x00000000000153a8                MI_RGN_DRV_Rmmod
                0x0000000000015db4                MI_RGN_BUFQ_ExchangeBuf
                0x0000000000015e5c                MI_RGN_BUFQ_CreateBufListHead
                0x0000000000015ee8                MI_RGN_BUFQ_MoveBufListHead
                0x0000000000015f3c                MI_RGN_BUFQ_DestroyBufListHead
                0x0000000000015f42                MI_RGN_BUFQ_SetEnv
                0x0000000000015f54                MI_RGN_BUFQ_Rmmod
                0x0000000000016234                MI_RGN_HAL_IncColorRef
                0x00000000000162a8                MI_RGN_HAL_DecColorRef
                0x00000000000162ec                MI_RGN_HAL_GetColorIndex
                0x0000000000016322                MI_RGN_HAL_CalOsdBufInitPara
                0x00000000000163e8                MI_RGN_HAL_CalCoverMapBufInitPara
                0x000000000001648c                MI_RGN_HAL_Active
                0x00000000000164a8                MI_RGN_HAL_Deactive
                0x00000000000164c4                MI_RGN_HAL_SetResolution
                0x0000000000016500                MI_RGN_HAL_Reset
                0x0000000000016512                MI_RGN_HAL_Process
                0x000000000001655c                MI_RGN_HAL_GopSetPalette
                0x0000000000016594                MI_RGN_HAL_SetGopColorKey
                0x0000000000016678                MI_RGN_HAL_ConfigGopGwin
                0x0000000000016828                MI_RGN_HAL_SetGopEncMode
                0x00000000000168c8                MI_RGN_HAL_SetGopBaseWin
                0x0000000000016914                MI_RGN_HAL_DisableGopGwin
                0x0000000000016968                MI_RGN_HAL_ConfigMffCoverWin
                0x0000000000016a44                MI_RGN_HAL_DisableMffWin
                0x0000000000016aa0                MI_RGN_HAL_SetMffCmdBuf
                0x0000000000016ae0                MI_RGN_HAL_SetMffPalette
                0x0000000000016b44                MI_RGN_HAL_SetMffCoverMap
                0x0000000000016b90                MI_RGN_HAL_SetMffInputResolution
                0x0000000000016bcc                MI_RGN_HAL_DisableMff
                0x0000000000016c20                MI_RGN_HAL_ConfigMffFrameWin
                0x0000000000016d04                MI_RGN_HAL_CheckInstanceExist
                0x0000000000016d68                MI_RGN_HAL_GetStrongInstance
                0x0000000000016f40                MI_RGN_HAL_GetWeakInstance
                0x0000000000016fb0                MI_RGN_HAL_WeakenInstance
                0x0000000000017048                MI_RGN_HAL_Suspend
                0x0000000000017094                MI_RGN_HAL_Resume
                0x00000000000170e0                MI_RGN_HAL_SetEnv
                0x0000000000017120                MI_RGN_HAL_Rmmod
                0x0000000000017138                MI_RGN_SYS_CheckBufInfoEmpty
                0x0000000000017160                MI_RGN_SYS_FillRectBuf
                0x00000000000172b8                MI_RGN_SYS_BlitBuf
                0x000000000001741c                MI_RGN_SYS_InitBuf
                0x0000000000017484                MI_RGN_SYS_Mmap
                0x0000000000017504                MI_RGN_SYS_Munmap
                0x0000000000017548                MI_RGN_SYS_FlushCache
                0x0000000000017584                MI_RGN_SYS_Vmap
                0x00000000000175d4                MI_RGN_SYS_UnVmap
                0x00000000000175f8                MI_RGN_SYS_CheckBufSizeAlike
                0x0000000000017620                MI_RGN_SYS_BufAlloc
                0x00000000000176dc                MI_RGN_SYS_BufFree
                0x0000000000017714                MI_RGN_SYS_Init
                0x00000000000177ac                MI_RGN_SYS_Deinit
                0x0000000000017970                MI_RGN_PASS_HoldOnBufToRefCnt
                0x00000000000179ec                MI_RGN_PASS_RewindBufToRefCnt
                0x0000000000017a40                MI_RGN_PASS_GiveUpBufToRefCnt
                0x0000000000017afa                MI_RGN_PASS_ExchangeBuf
                0x0000000000017b48                MI_RGN_PASS_InitBufManager
                0x0000000000018908                MI_RGN_COMBINE_CheckBlend
                0x0000000000018a88                MI_RGN_COMBINE_Start
                0x0000000000018aa0                MI_RGN_COMBINE_QueueWork
                0x0000000000018acc                MI_RGN_COMBINE_FlushWork
                0x0000000000018c50                MI_RGN_COMBINE_Init
                0x0000000000018cf8                MI_RGN_COMBINE_Deinit
                0x0000000000018d14                MI_RGN_COMBINE_SetEnv
                0x0000000000018d2c                MI_RGN_COMBINE_Rmmod
                0x0000000000018e0e                MI_RGN_COMMON_GetChnPortListHead
                0x0000000000018f68                MI_RGN_COMMON_ResetChnPortListHead
                0x0000000000018fbc                MI_RGN_COMMON_ForEachHashMapHead
                0x00000000000190d8                MI_RGN_COMMON_WindowWaitForBufferReady
                0x00000000000191ac                MI_RGN_COMMON_SetEnv
                0x00000000000191c0                MI_RGN_COMMON_Rmmod
                0x000000000001b390                MI_RGN_OSD_SetEnv
                0x000000000001bd04                MI_RGN_MFF_SetEnv
                0x000000000001c528                MI_RGN_COVER_WindowCreate
                0x000000000001c66c                MI_RGN_COVER_BitMapUpdate
                0x000000000001c674                MI_RGN_COVER_BitMapDone
                0x000000000001c67c                MI_RGN_COVER_HalConfigCover
                0x000000000001c738                MI_RGN_COVER_BufDeinit
                0x000000000001cd98                MI_RGN_FRAME_WindowCreate
                0x000000000001cea4                MI_RGN_FRAME_HalConfigFrame
                0x000000000001d222                MHAL_RGN_GetGopNumByType
                0x000000000001d264                MHAL_RGN_GetTargetMax
                0x000000000001d268                MHAL_RGN_SetIrqNum
                0x000000000001d2b4                MHAL_RGN_GetInternalApis
                0x000000000001d3e4                HAL_RGN_IF_GetChipCapOps
                0x000000000001d400                HAL_RGN_IF_Create
                0x000000000001d484                HAL_RGN_IF_Destory
                0x000000000001d4c8                HAL_RGN_IF_Active
                0x000000000001d4fa                HAL_RGN_IF_Deactive
                0x000000000001d522                HAL_RGN_IF_Reset
                0x000000000001d530                HAL_RGN_CMDQ_NormalRegUpdate
                0x000000000001d5ee                HAL_RGN_CMDQ_MemPollRegEq
                0x000000000001d5f0                HAL_RGN_CMDQ_MemRegUpdate
                0x000000000001d652                HAL_RGN_CMDQ_WakeWrite2Byte
                0x000000000001d654                HAL_RGN_CMDQ_WakeRegUpdate
                0x000000000001d65a                HAL_RGN_CMDQ_WakePollRegEq
                0x000000000001d65c                HAL_RGN_CMDQ_WakeWrite2ByteMsk
                0x000000000001d65e                _HAL_RGN_CMDQ_FillNormalCmdq
                0x000000000001d69e                HAL_RGN_CMDQ_NormalWrite2Byte
                0x000000000001d6ae                HAL_RGN_CMDQ_NormalWrite2ByteMsk
                0x000000000001d6c0                _HAL_RGN_CMDQ_PollNormalRegEq
                0x000000000001d700                HAL_RGN_CMDQ_NormalPollRegEq
                0x000000000001d712                _HAL_RGN_CMDQ_FillMemCmdq
                0x000000000001d744                HAL_RGN_CMDQ_MemWrite2Byte
                0x000000000001d754                HAL_RGN_CMDQ_MemWrite2ByteMsk
                0x000000000001d766                HAL_RGN_CMDQ_Create
                0x000000000001d7fc                HAL_RGN_CMDQ_Destory
                0x000000000001d81c                HAL_RGN_CMDQ_Enable
                0x000000000001d838                HAL_RGN_CMDQ_Disable
                0x000000000001dcce                HAL_RGN_GOP_SetPalette
                0x000000000001dd0a                HAL_RGN_GOP_SetColorKey
                0x000000000001dd1e                HAL_RGN_GOP_SetBaseWindow
                0x000000000001dd40                HAL_RGN_GOP_SetAlphaZeroOpaque
                0x000000000001dd50                HAL_RGN_GOP_SetOutputFormat
                0x000000000001dd60                HAL_RGN_GOP_SetEncMode
                0x000000000001dd70                HAL_RGN_GOP_SetContrast
                0x000000000001dd86                HAL_RGN_GOP_SetBrightness
                0x000000000001dd96                HAL_RGN_GOP_SetArgb1555AlphaVal
                0x000000000001ddd4                HAL_RGN_GOP_GwinSetPixelFormatForVenc
                0x000000000001de54                HAL_RGN_GOP_GwinSetPixelFormat
                0x000000000001ded4                HAL_RGN_GOP_GwinSetPaletteIdx
                0x000000000001df08                HAL_RGN_GOP_GwinSetWindow
                0x000000000001df56                HAL_RGN_GOP_GwinSetWindowForVencJpe
                0x000000000001dfd0                HAL_RGN_GOP_GwinSetBuffer
                0x000000000001e014                HAL_RGN_GOP_GwinSetBufferForVenc
                0x000000000001e04a                HAL_RGN_GOP_GwinSetOnOffForScl
                0x000000000001e0b0                HAL_RGN_GOP_GwinSetOnOff
                0x000000000001e10c                HAL_RGN_GOP_GwinSetAlphaType
                0x000000000001e14e                HAL_RGN_GOP_ProcessForVenc
                0x000000000001e176                HAL_RGN_GOP_Process
                0x000000000001e19e                HAL_RGN_GOP_GetGopGwinCnt
                0x000000000001e1b4                HAL_RGN_GOP_GetGopWidthAlign
                0x000000000001e1be                HAL_RGN_GOP_GetGopXPosAlign
                0x000000000001e1c2                HAL_RGN_GOP_GetGopPitchAlign
                0x000000000001e1c6                HAL_RGN_GOP_GetGopNumByType
                0x000000000001e1da                HAL_RGN_GOP_GetGopIrqNum
                0x000000000001e1f0                HAL_RGN_GOP_ClearGopIrq
                0x000000000001e228                HAL_RGN_GOP_SetGopIrqNum
                0x000000000001e244                HAL_RGN_GOP_SetGopIrq
                0x000000000001e304                HAL_RGN_GOP_IsSupportGopIrq
                0x000000000001e30c                HAL_RGN_GOP_IsSupportGopFmt
                0x000000000001e328                HAL_RGN_GOP_IsSupportGopDiffFmt
                0x000000000001e344                HAL_RGN_GOP_IsSupportGopColorkey
                0x000000000001e358                HAL_RGN_GOP_IsSupportGopOverlap
                0x000000000001e35c                HAL_RGN_GOP_IsSupportGopXOverlap
                0x000000000001e360                HAL_RGN_GOP_SetPaletteTbl
                0x000000000001e4c0                HAL_RGN_GOP_SetBaseWindowForVencJpe
                0x000000000001e63c                HAL_RGN_GOP_Reset
                0x000000000001e748                HAL_RGN_GOP_ResetForVenc
                0x000000000001e7e2                HAL_RGN_GOP_Activate
                0x000000000001e810                HAL_RGN_GOP_Deactivate
                0x000000000001e814                HAL_RGN_GOP_Create
                0x000000000001e8d8                HAL_RGN_GOP_Destory
                0x000000000001e8ee                HAL_RGN_GOP_GetCap
                0x000000000001ee40                HAL_RGN_MFF_Process
                0x000000000001ee6e                HAL_RGN_MFF_VencSetPalette
                0x000000000001eea0                HAL_RGN_MFF_VencSetWinBuffer
                0x000000000001eeb0                HAL_RGN_MFF_SetColor
                0x000000000001eeee                HAL_RGN_MFF_VencSetColor
                0x000000000001ef14                HAL_RGN_MFF_VencSetBorder
                0x000000000001ef4a                HAL_RGN_MFF_SetOnOff
                0x000000000001efaa                HAL_RGN_MFF_VencSetOnOff
                0x000000000001efae                HAL_RGN_MFF_GetWinCnt
                0x000000000001efcc                HAL_RGN_MFF_GetWinBufferSize
                0x000000000001efda                HAL_RGN_MFF_IsSupportMosaicBlockSize
                0x000000000001efde                HAL_RGN_MFF_IsSupportMosaicDiffBlock
                0x000000000001efe2                HAL_RGN_MFF_GetPaletteNum
                0x000000000001eff6                HAL_RGN_MFF_IsSupportColorMode
                0x000000000001f01a                HAL_RGN_MFF_GetMapPitchAlign
                0x000000000001f01e                HAL_RGN_MFF_GetHAlign
                0x000000000001f032                HAL_RGN_MFF_GetVAlign
                0x000000000001f036                HAL_RGN_MFF_GetFrameMaxBorderSize
                0x000000000001f03a                HAL_RGN_MFF_GetGroupNum
                0x000000000001f04c                HAL_RGN_MFF_GetGroupId
                0x000000000001f0d0                HAL_RGN_MFF_VencProcess
                0x000000000001f138                HAL_RGN_MFF_SetWindow
                0x000000000001f186                HAL_RGN_MFF_VencSetWindow
                0x000000000001f1d4                HAL_RGN_MFF_Reset
                0x000000000001f1e2                HAL_RGN_MFF_VencReset
                0x000000000001f1ea                HAL_RGN_MFF_IsSupportRotate
                0x000000000001f1ec                HAL_RGN_MFF_IsSupportMap
                0x000000000001f1ee                HAL_RGN_MFF_SetPalette
                0x000000000001f1f4                HAL_RGN_MFF_GetCap
                0x000000000001f26c                HAL_RGN_MFF_Create
                0x000000000001f4b0                HAL_RGN_MFF_Destory
 .text          0x000000000001f4e0       0xd8 /home/lixx/ZGCX/S1_Project/SSC308QE_SDK/Iford_IMD00V005.0.1_fastboot/SourceCode/SSC308QE_SDK_TEXT/SSC308QE_CODEBASE/sdk/linux/init/rgn/rgn_init.o
                0x000000000001f4e0                DRV_RGN_MoudleDeviceInit
                0x000000000001f574                DRV_RGN_ModuleDeviceDeinit
                0x000000000001f598                rgn_mod_init
                0x000000000001f5a8                rgn_mod_exit
 .text          0x000000000001f5b8     0x50ac /home/lixx/ZGCX/S1_Project/SSC308QE_SDK/Iford_IMD00V005.0.1_fastboot/SourceCode/SSC308QE_SDK_TEXT/SSC308QE_CODEBASE/sdk/linux/init/ive/../../obj/uclibc/9.1.0/ive.o
                0x000000000001ff6c                MI_DEVICE_WrapperFunction_ive
                0x000000000001ff84                IS_PRINT_MATCH_ive
                0x000000000001ffec                MI_DEVICE_Instance_ive
                0x000000000001fff4                MI_DEVICE_GetSelfDir_ive
                0x0000000000020002                ive__module_init
                0x00000000000200cc                ive__module_exit
                0x000000000002088c                MI_IVE_IMPL_Insmod
                0x00000000000208a8                MI_IVE_IMPL_Rmmod
                0x00000000000208b4                MI_IVE_IMPL_Resume
                0x000000000002090c                MI_IVE_IMPL_Suspend
                0x00000000000209cc                MI_IVE_IMPL_Create
                0x0000000000020aa4                MI_IVE_IMPL_Destroy
                0x0000000000020b34                MI_IVE_IMPL_GetPollData
                0x0000000000020ba8                MI_IVE_IMPL_Reset
                0x0000000000020c24                MI_IVE_IMPL_ForceDestroy
                0x0000000000020d00                MI_IVE_IMPL_Poll
                0x0000000000020dc4                MI_IVE_IMPL_Filter
                0x0000000000020e34                MI_IVE_IMPL_CSC
                0x0000000000020ea8                MI_IVE_IMPL_FilterAndCSC
                0x0000000000020f2c                MI_IVE_IMPL_Sobel
                0x0000000000020fbc                MI_IVE_IMPL_MagAndAng
                0x000000000002104c                MI_IVE_IMPL_Dilate
                0x00000000000210c0                MI_IVE_IMPL_Erode
                0x0000000000021134                MI_IVE_IMPL_Thresh
                0x00000000000211c0                MI_IVE_IMPL_And
                0x0000000000021224                MI_IVE_IMPL_Sub
                0x0000000000021290                MI_IVE_IMPL_Or
                0x00000000000212f4                MI_IVE_IMPL_Integ
                0x0000000000021360                MI_IVE_IMPL_Hist
                0x00000000000213c0                MI_IVE_IMPL_ThreshS16
                0x000000000002144c                MI_IVE_IMPL_ThreshU16
                0x00000000000214d8                MI_IVE_IMPL_16To8Bit
                0x0000000000021558                MI_IVE_IMPL_OrdStatFilter
                0x00000000000215bc                MI_IVE_IMPL_Map
                0x0000000000021630                MI_IVE_IMPL_Add
                0x00000000000216a8                MI_IVE_IMPL_Xor
                0x000000000002170c                MI_IVE_IMPL_Ncc
                0x000000000002177c                MI_IVE_IMPL_Ccl
                0x0000000000021780                MI_IVE_IMPL_Gmm
                0x0000000000021784                MI_IVE_IMPL_Lbp
                0x000000000002182c                MI_IVE_IMPL_Sad
                0x00000000000218c8                MI_IVE_IMPL_Resize
                0x00000000000218cc                MI_IVE_IMPL_Bernsen
                0x000000000002194c                MI_IVE_IMPL_AdpThresh
                0x0000000000021a20                MI_IVE_IMPL_Bat
                0x0000000000021a94                MI_IVE_IMPL_MatrixTransform
                0x0000000000021b18                MI_IVE_IMPL_ImageDot
                0x0000000000021b80                MI_IVE_IMPL_AlphaBlending
                0x0000000000021be4                MI_IVE_IMPL_Bgblur
                0x0000000000021eac                MI_IVE_DEBUG_GetModDbgParam
                0x0000000000021eb8                MI_IVE_DEBUG_InitChnDbgInfo
                0x0000000000022078                MI_IVE_DEBUG_DeinitChnDbgInfo
                0x00000000000221b4                MI_IVE_DEBUG_UpdateTimeoutInfo
                0x00000000000221e8                MI_IVE_DEBUG_InitProcFs
                0x000000000002228c                MI_IVE_DEBUG_DeinitProcFs
                0x00000000000222b4                MI_IVE_MODPARAM_Init
                0x00000000000222cc                MI_IVE_MODPARAM_GetHandle
                0x00000000000222d4                drv_ive_isr_post_proc
                0x00000000000222fc                drv_ive_try_add_work
                0x0000000000022354                drv_ive_isr_pre_proc
                0x0000000000022398                drv_ive_isr
                0x00000000000223d4                drv_ive_reset_status
                0x0000000000022444                drv_ive_clock_round_rate
                0x0000000000022528                drv_ive_clock_set_rate
                0x0000000000022578                drv_ive_clock_init
                0x00000000000225dc                drv_ive_clock_release
                0x00000000000225ee                drv_ive_clock_enable
                0x00000000000226cc                drv_ive_clock_disable
                0x000000000002271c                DrvSysIveAxiGet
                0x0000000000022748                DrvSysIveAxiSet
                0x00000000000227d0                DrvSysIveClkGet
                0x0000000000022910                DrvSysIveClkSet
                0x0000000000022c84                drv_ive_extract_request
                0x0000000000022cce                drv_ive_extract_request_by_chn
                0x0000000000022d2c                drv_ive_get_request
                0x0000000000022d76                ive_drv_isr_handler
                0x0000000000022db8                ive_drv_init
                0x0000000000022df4                ive_drv_release
                0x0000000000022df6                ive_drv_process
                0x0000000000022eb8                ive_drv_post_process
                0x0000000000022f18                ive_drv_pre_process
                0x0000000000022f40                ive_drv_reset
                0x0000000000022f5c                drv_ive_module_get_resource
                0x0000000000023c7c                ive_hal_init
                0x0000000000023ca6                ive_hal_set_irq_mask
                0x0000000000023cac                ive_hal_set_bgblur_irq_mask
                0x0000000000023cbc                ive_hal_clear_irq
                0x0000000000023ccc                ive_hal_clear_bgblur_irq
                0x0000000000023ce8                ive_hal_get_irq_check
                0x0000000000023cfc                ive_hal_get_bgblur_irq_check
                0x0000000000023d1c                ive_hal_get_irq
                0x0000000000023d2e                ive_hal_get_bgblur_irq
                0x0000000000023d4c                ive_hal_set_operation
                0x0000000000023d52                ive_hal_mcm_busy_on_off
                0x0000000000023d60                ive_hal_bgblur_mcm_busy_on_off
                0x0000000000023d6e                ive_hal_padding_mode_set
                0x0000000000023d7c                ive_hal_set_images
                0x0000000000023ed8                ive_hal_set_bgblur_images
                0x0000000000024086                ive_hal_set_coeff_bgblur
                0x0000000000024286                ive_hal_set_burst
                0x0000000000024334                ive_hal_start
                0x0000000000024356                ive_hal_start_bgblur
                0x0000000000024384                ive_hal_sw_reset
                0x0000000000024440                ive_hal_get_check_params
                0x00000000000244c8                ive_hal_set_op_params
                0x00000000000245fa                ive_hal_reg_dump
 .text          0x0000000000024664       0x8c /home/lixx/ZGCX/S1_Project/SSC308QE_SDK/Iford_IMD00V005.0.1_fastboot/SourceCode/SSC308QE_SDK_TEXT/SSC308QE_CODEBASE/sdk/linux/init/ive/ive_init.o
                0x0000000000024664                DrvIveOfFindCompatibleNode
                0x0000000000024668                DrvIveCamOfAddressToResource
                0x00000000000246cc                DrvIveCamOfIrqToResource
                0x00000000000246d0                ive_mod_init
                0x00000000000246e0                ive_mod_exit
 .text          0x00000000000246f0     0x5c70 /home/lixx/ZGCX/S1_Project/SSC308QE_SDK/Iford_IMD00V005.0.1_fastboot/SourceCode/SSC308QE_SDK_TEXT/SSC308QE_CODEBASE/sdk/linux/init/ao/../../obj/uclibc/9.1.0/ao.o
                0x00000000000246f0                MI_AO_IOCTL_Write
                0x0000000000024e7c                IS_PRINT_MATCH_ao
                0x0000000000024f70                MI_DEVICE_WrapperFunction_ao
                0x0000000000024f88                MI_DEVICE_Instance_ao
                0x0000000000024f90                MI_DEVICE_GetSelfDir_ao
                0x0000000000024f9e                ao__module_init
                0x0000000000025064                ao__module_exit
                0x0000000000027420                _MI_AO_IMPL_AllDeviceIsClosed
                0x0000000000027444                MI_AO_IMPL_Init
                0x00000000000274a4                MI_AO_IMPL_DeInit
                0x0000000000027508                MI_AO_IMPL_GetChipDevNum
                0x0000000000027550                MI_AO_IMPL_InitGlobalData
                0x00000000000276d8                MI_AO_IMPL_DeInitGlobalData
                0x000000000002773c                MI_AO_IMPL_GetDevAttr
                0x0000000000027828                MI_AO_IMPL_Open
                0x0000000000027bc0                MI_AO_IMPL_Close
                0x0000000000027d5c                _MI_AO_IMPL_SetChannelMode
                0x0000000000027ed0                MI_AO_IMPL_SetChannelMode
                0x0000000000027f50                MI_AO_IMPL_AttachIf
                0x000000000002833c                MI_AO_IMPL_DetachIf
                0x0000000000028534                MI_AO_IMPL_QueryDmaBufferStatus
                0x00000000000286ac                MI_AO_IMPL_GetDevBuf
                0x0000000000028774                MI_AO_IMPL_Write
                0x0000000000028968                MI_AO_IMPL_Start
                0x0000000000028a34                MI_AO_IMPL_Stop
                0x0000000000028aec                MI_AO_IMPL_Pause
                0x0000000000028ba4                MI_AO_IMPL_Resume
                0x0000000000028c60                MI_AO_IMPL_SetVolume
                0x0000000000028e50                MI_AO_IMPL_GetVolume
                0x0000000000028f74                MI_AO_IMPL_SetMute
                0x000000000002911c                MI_AO_IMPL_GetMute
                0x0000000000029240                MI_AO_IMPL_SetIfVolume
                0x0000000000029338                MI_AO_IMPL_GetIfVolume
                0x000000000002941c                MI_AO_IMPL_SetIfMute
                0x00000000000294ec                MI_AO_IMPL_GetIfMute
                0x0000000000029594                MI_AO_IMPL_SetI2sConfig
                0x00000000000298a0                MI_AO_IMPL_GetI2sConfig
                0x000000000002997c                MI_AO_IMPL_AdjustSpeed
                0x00000000000299d0                MI_AO_IMPL_GetLatency
                0x0000000000029a70                MI_AO_IMPL_OpenWithCfgFile
                0x0000000000029ce8                MI_AO_IMPL_Dup
                0x0000000000029e7c                MI_AO_IMPL_GetIfIndex
                0x0000000000029e90                _MI_AO_IMPL_MiDevToMhalDev
                0x0000000000029ea0                _MI_AO_IMPL_GetMhalChannelModeFromMiChannelMode
                0x0000000000029eaa                MI_AO_IMPL_I2sIfToI2sSet
                0x0000000000029ebe                MI_AO_IMPL_IfToStr
                0x0000000000029f78                _MI_AO_IMPL_GetMhalIfsFromMiIf
                0x000000000002a028                MI_AO_IMPL_MhalGetIfToStr
                0x000000000002a158                MI_AO_IMPL_MhalGetLeftIfToStr
                0x000000000002a162                MI_AO_IMPL_MhalGetRightIfToStr
                0x000000000002a16c                MI_AO_IMPL_MhalGetCurrDataLen
                0x000000000002a188                MI_AO_IMPL_MhalDpgaMute
                0x000000000002a1b6                MI_AO_IMPL_MhalDpgaGain
                0x000000000002a1e4                MI_AO_IMPL_MhalSetIfMute
                0x000000000002a234                MI_AO_IMPL_MhalSetIfGain
                0x000000000002a284                MI_AO_IMPL_MhalSineGenStart
                0x000000000002a2d4                MI_AO_IMPL_MhalSineGenStop
                0x000000000002a2ea                MI_AO_IMPL_MhalSetChannelMode
                0x000000000002a30c                MI_AO_IMPL_MhalSetI2sTxChSwap
 .text          0x000000000002a360       0x20 /home/lixx/ZGCX/S1_Project/SSC308QE_SDK/Iford_IMD00V005.0.1_fastboot/SourceCode/SSC308QE_SDK_TEXT/SSC308QE_CODEBASE/sdk/linux/init/ao/ao_init.o
                0x000000000002a360                ao_mod_init
                0x000000000002a370                ao_mod_exit
 .text          0x000000000002a380     0x1f68 /home/lixx/ZGCX/S1_Project/SSC308QE_SDK/Iford_IMD00V005.0.1_fastboot/SourceCode/SSC308QE_SDK_TEXT/SSC308QE_CODEBASE/sdk/linux/init/shadow/../../obj/uclibc/9.1.0/shadow.o
                0x000000000002a380                MI_SHADOW_IOCTL_RegisterDev
                0x000000000002a3f4                MI_SHADOW_IOCTL_UnRegisterDev
                0x000000000002a470                MI_SHADOW_IOCTL_GetOutputPortBuf
                0x000000000002a4b0                MI_SHADOW_IOCTL_GetInputPortBuf
                0x000000000002a4e4                MI_SHADOW_IOCTL_FinishBuf
                0x000000000002a50c                MI_SHADOW_IOCTL_RewindBuf
                0x000000000002a534                MI_SHADOW_IOCTL_WaitOnInputTaskAvailable
                0x000000000002a53e                MI_SHADOW_IOCTL_SetChannelStatus
                0x000000000002a55e                MI_SHADOW_IOCTL_SetInputPortBufExtConf
                0x000000000002a578                MI_SHADOW_IOCTL_SetOutputPortBufExtConf
                0x000000000002a694                MI_DEVICE_WrapperFunction_shadow
                0x000000000002a6ac                IS_PRINT_MATCH_shadow
                0x000000000002a714                MI_DEVICE_Instance_shadow
                0x000000000002a71c                MI_DEVICE_GetSelfDir_shadow
                0x000000000002a72a                shadow__module_init
                0x000000000002a7f4                shadow__module_exit
                0x000000000002a8b4                _MI_SHADOW_IMPL_Suspend
                0x000000000002a8b8                _MI_SHADOW_IMPL_ResumeNotify
                0x000000000002ab3c                MI_SHADOW_IMPL_DevInfoReadLock
                0x000000000002ab48                MI_SHADOW_IMPL_DevInfoReadUnlock
                0x000000000002ab54                MI_SHADOW_IMPL_WaitDebugCallback
                0x000000000002abf8                _MI_SHADOW_IMPL_Resume
                0x000000000002ad3a                MI_SHADOW_IMPL_DevInfoWriteLock
                0x000000000002ad44                MI_SHADOW_IMPL_DevInfoWriteUnlock
                0x000000000002ad50                _MI_SHADOW_IMPL_SuspendNotify
                0x000000000002ae94                MI_SHADOW_IMPL_TraceTime
                0x000000000002b23e                MI_SHADOW_IMPL_SetChannelStatus
                0x000000000002b3a0                MI_SHADOW_IMPL_GetPortBuf
                0x000000000002b67c                MI_SHADOW_IMPL_MmaFree
                0x000000000002b84c                MI_SHADOW_IMPL_MmaAlloc
                0x000000000002b950                MI_SHADOW_IMPL_Init
                0x000000000002b9c4                MI_SHADOW_IMPL_DeInit
                0x000000000002ba94                MI_SHADOW_IMPL_RegisterDev
                0x000000000002becc                MI_SHADOW_IMPL_UnRegisterDev
                0x000000000002bf64                MI_SHADOW_IMPL_SetInputPortBufExtConf
                0x000000000002bf7c                MI_SHADOW_IMPL_SetOutputPortBufExtConf
                0x000000000002bf94                MI_SHADOW_IMPL_GetOutputPortBuf
                0x000000000002c000                MI_SHADOW_IMPL_GetInputPortBuf
                0x000000000002c05c                MI_SHADOW_IMPL_DoneBuf
                0x000000000002c1ec                MI_SHADOW_IMPL_FinishBuf
                0x000000000002c1fa                MI_SHADOW_IMPL_RewindBuf
                0x000000000002c208                MI_SHADOW_IMPL_WaitOnInputTaskAvailable
 .text          0x000000000002c2e8       0x20 /home/lixx/ZGCX/S1_Project/SSC308QE_SDK/Iford_IMD00V005.0.1_fastboot/SourceCode/SSC308QE_SDK_TEXT/SSC308QE_CODEBASE/sdk/linux/init/shadow/shadow_init.o
                0x000000000002c2e8                shadow_mod_init
                0x000000000002c2f8                shadow_mod_exit
 .text          0x000000000002c308    0x5abf0 /home/lixx/ZGCX/S1_Project/SSC308QE_SDK/Iford_IMD00V005.0.1_fastboot/SourceCode/SSC308QE_SDK_TEXT/SSC308QE_CODEBASE/sdk/linux/init/isp/../../obj/uclibc/9.1.0/isp.o
                0x000000000002c308                MI_ISP_IOCTL_CreateDevice
                0x000000000002c378                MI_ISP_IOCTL_DestoryDevice
                0x000000000002c3f0                MI_ISP_IOCTL_CreateChannel
                0x000000000002c470                MI_ISP_IOCTL_DestroyChannel
                0x000000000002c4f4                MI_ISP_IOCTL_SetInputPortCrop
                0x000000000002c51c                MI_ISP_IOCTL_GetInputPortCrop
                0x000000000002c544                MI_ISP_IOCTL_SetChnParam
                0x000000000002c56c                MI_ISP_IOCTL_GetChnParam
                0x000000000002c594                MI_ISP_IOCTL_SetSubChnParam
                0x000000000002c5c0                MI_ISP_IOCTL_GetSubChnParam
                0x000000000002c5ec                MI_ISP_IOCTL_StartChannel
                0x000000000002c610                MI_ISP_IOCTL_StopChannel
                0x000000000002c634                MI_ISP_IOCTL_SetOutputPortParam
                0x000000000002c660                MI_ISP_IOCTL_GetOutputPortParam
                0x000000000002c68c                MI_ISP_IOCTL_EnableOutputPort
                0x000000000002c71c                MI_ISP_IOCTL_DisableOutputPort
                0x000000000002c7a8                MI_ISP_IOCTL_SetInsideLdcParam
                0x000000000002c7dc                MI_ISP_IOCTL_AiBnrInit
                0x000000000002c800                MI_ISP_IOCTL_AiBnrDeInit
                0x000000000002c824                MI_ISP_IOCTL_SetAiBnrAttr
                0x000000000002c84c                MI_ISP_IOCTL_SetAiBnrExtAttr
                0x000000000002c884                MI_ISP_IOCTL_GetAiBnrExtAttr
                0x000000000002c8c4                MI_ISP_IOCTL_AllocIQDataBuf
                0x000000000002c918                MI_ISP_IOCTL_FreeIQDataBuf
                0x000000000002c93c                MI_ISP_IOCTL_SetIQApiData
                0x000000000002c964                MI_ISP_IOCTL_GetIQApiData
                0x000000000002c98c                MI_ISP_IOCTL_CallBackTaskRegister
                0x000000000002c9e4                MI_ISP_IOCTL_CallBackTaskUnregister
                0x000000000002ca3c                MI_ISP_IOCTL_SkipFrame
                0x000000000002ca64                MI_ISP_IOCTL_LoadPortZoomTable
                0x000000000002ca8c                MI_ISP_IOCTL_StartPortZoom
                0x000000000002cab4                MI_ISP_IOCTL_StopPortZoom
                0x000000000002cad8                MI_ISP_IOCTL_GetPortCurZoomAttr
                0x000000000002cb00                MI_ISP_IOCTL_GetOverlapAttr
                0x000000000002cb28                MI_ISP_IOCTL_SetOverlapAttr
                0x000000000002cb50                MI_ISP_IOCTL_GetAllMhalChnId
                0x000000000002cba8                IS_PRINT_MATCH_isp
                0x000000000002cd40                MI_DEVICE_WrapperFunction_isp
                0x000000000002cd58                MI_DEVICE_Instance_isp
                0x000000000002cd60                MI_DEVICE_GetSelfDir_isp
                0x000000000002cd6e                isp__module_init
                0x000000000002ce34                isp__module_exit
                0x000000000002d140                MI_ISP_PASS_GetPassCommonRes
                0x000000000002d164                MI_ISP_PASS_IsSkip
                0x000000000002d178                MI_ISP_PASS_OnGetInputPortNum
                0x000000000002d17c                MI_ISP_PASS_GetOutputPortNum
                0x000000000002d180                MI_ISP_PASS_OnGetCurPassInnerBindInputPort
                0x000000000002d18c                MI_ISP_PASS_OnGetCurPassInnerBindOutputPort
                0x000000000002d190                MI_ISP_PASS_IpuPassGetOutputPortNum
                0x000000000002d194                MI_ISP_PASS_IpuPassOnCheckPassSkipMode
                0x000000000002d30c                MI_ISP_IMPL_MiSysMap
                0x000000000002d438                MI_ISP_TRANS_FuncToPassId
                0x000000000002d7d8                MI_ISP_PASS_OnGetOutputPortBindCapability
                0x000000000002d8a4                MI_ISP_PASS_RejectCmdq
                0x000000000002daac                MI_ISP_IMPL_MiSysFree
                0x000000000002dcbc                MI_ISP_PASS_OnGetInputPortBindCapability
                0x000000000002dcf2                MI_ISP_IMPL_MiSysFlashCache
                0x000000000002dd14                MI_ISP_IMPL_MiSysUnMap
                0x000000000002e3f4                MI_ISP_PASS_OnPmResumeNotify
                0x000000000002e5cc                MI_ISP_PASS_OnPmSuspendNotify
                0x000000000002e78c                MI_ISP_PASS_OnSuspend
                0x000000000002e8a0                MI_ISP_PASS_OnResume
                0x000000000002ee00                MI_ISP_IMPL_MiSysAlloc
                0x000000000002f27c                MI_ISP_IMPL_LockChn
                0x000000000002f2a0                MI_ISP_IMPL_UnLockChn
                0x000000000002f2c4                MI_ISP_PASS_OnBindInputPort
                0x000000000002f3d4                MI_ISP_PASS_OnUnBindInputPort
                0x000000000002f4ec                MI_ISP_PASS_PrePassOnCheckPassSkipMode
                0x000000000002f6f0                MI_ISP_DEBUG_DumpTaskThread
                0x000000000002f7ae                MI_ISP_PLATFORM_SupportInputCrop
                0x000000000002f7d2                MI_ISP_PLATFORM_SupportRot
                0x000000000002f8e4                MI_ISP_PLATFORM_SupportFlip
                0x000000000002f9e0                MI_ISP_PLATFORM_SupportHdr
                0x000000000002fa38                MI_ISP_PLATFORM_SupportHDRFusionType
                0x000000000002fa8c                MI_ISP_PLATFORM_SupportHDRExposureType
                0x000000000002fc84                MI_ISP_PLATFORM_SupportMirror
                0x000000000002fd74                MI_ISP_PLATFORM_Support3DNR
                0x000000000002feb8                MI_ISP_PLATFORM_SupportRgbIr
                0x000000000002fef4                MI_ISP_PLATFORM_SupportDMA420
                0x000000000002ff00                MI_ISP_PLATFORM_RotFlipRelyOn3Dnr
                0x000000000002ff60                MI_ISP_PLATFORM_SupportOutputCEMode
                0x000000000002fff4                MI_ISP_PLATFORM_SupportInputCEMode
                0x00000000000300b0                MI_ISP_PLATFORM_OutputCERelayOnPixel
                0x00000000000300cc                MI_ISP_PLATFORM_SupportPhylayoutType
                0x00000000000300ea                MI_ISP_PLATFORM_SupportCRC
                0x00000000000300fe                MI_ISP_PLATFORM_GetStrideAlign
                0x00000000000301b8                MI_ISP_PLATFORM_GetOutputAlign
                0x00000000000301e4                MI_ISP_PLATFORM_SupportY2B
                0x0000000000030218                MI_ISP_PLATFORM_MultiDevIdSupport
                0x0000000000030240                MI_ISP_PLATFORM_GetRotExtraBufferEn
                0x0000000000030284                MI_ISP_PLATFORM_GetInputMaxWidth
                0x0000000000030308                MI_ISP_PLATFORM_GetInputMinWidth
                0x000000000003034c                MI_ISP_PLATFORM_GetInputMinHeight
                0x0000000000030384                MI_ISP_PLATFORM_GetIpuPreBufOrder
                0x00000000000304d0                MI_ISP_TRANS_MiSegToMhal
                0x0000000000030538                MI_ISP_TRANS_SegToFuncNodeMaskAndSkipPass
                0x0000000000030a48                MI_ISP_TRANS_RotToMhalType
                0x0000000000030b28                MI_ISP_PLATFORM_GetInputMaxHeight
                0x0000000000030c44                MI_ISP_TRANS_PixelFormatToBayerBitId
                0x0000000000030dc0                MI_ISP_PLATFORM_SupportInputPixel
                0x0000000000030eb4                MI_ISP_PLATFORM_SupportOutputPixel
                0x0000000000030ef4                MI_ISP_PLATFORM_InputCERelayOnPixel
                0x0000000000031600                MI_ISP_TRANS_PixelFormatToMhal
                0x0000000000031898                MI_ISP_TRANS_PixelToBit
                0x00000000000319ec                MI_ISP_TRANS_SensorBindIdToMhal
                0x0000000000031a80                MI_ISP_TRANS_GetMhalInputSensorBind
                0x0000000000031a90                MI_ISP_TRANS_MhalIspSensorBindIdToMhalSensor
                0x0000000000031b0c                MI_ISP_TRANS_FindSnrFlagAndId
                0x0000000000031b20                MI_ISP_TRANS_PortToWaitDoneNote
                0x0000000000031b8c                MI_ISP_TRANS_OverlapToOffset
                0x0000000000031bb8                MI_ISP_TRANS_SysInputTaskToCommonBufferInfo
                0x0000000000031f5c                MI_ISP_TRANS_GetMhalInputMode
                0x0000000000031fe8                MI_ISP_TRANS_ImplBufLayout
                0x0000000000032084                MI_ISP_TRANS_BindTypeToFrameType
                0x00000000000320a4                MI_ISP_TRANS_MIHdrTypeToMhal
                0x0000000000032114                MI_ISP_TRANS_VifMateInfoToMhalType
                0x00000000000321d0                MI_ISP_TRANS_LayOutToExtDmaType
                0x00000000000325b4                MI_ISP_DEBUG_CallBackEnterFuncDbg
                0x00000000000326e4                MI_ISP_DEBUG_PrepareInputTask
                0x0000000000032960                MI_ISP_DEBUG_PrepareOutTaskMetaInfo
                0x0000000000032a18                MI_ISP_DEBUG_EnqueTask
                0x0000000000032ba8                MI_ISP_DEBUG_BarrierInputTask
                0x0000000000032ce0                MI_ISP_DEBUG_CheckInputTask
                0x0000000000032cfa                MI_ISP_DEBUG_DequeInputTask
                0x0000000000032d18                MI_ISP_DEBUG_DequeOutputTask
                0x0000000000033090                MI_ISP_DEBUG_DumpCmdqTimeOutInfo
                0x0000000000033218                MI_ISP_CHECK_ChnParamValid
                0x00000000000333d8                MI_ISP_CHECK_DevChnCreate
                0x000000000003346c                MI_ISP_IMPL_GetChnParam
                0x0000000000033518                MI_ISP_IMPL_SkipFrame
                0x000000000003359c                MI_ISP_CHECK_SubDevChnCreate
                0x0000000000033630                MI_ISP_CHECK_DevChnCreateOutputPortSupport
                0x00000000000336f0                MI_ISP_CHECK_DevAttr
                0x00000000000337a0                MI_ISP_CHECK_ChnAttr
                0x0000000000033868                MI_ISP_CHECK_DestroyDev
                0x00000000000338e8                MI_ISP_CHECK_AllOutputUnbind
                0x000000000003398c                MI_ISP_CHECK_CustSegAttr
                0x0000000000033a3c                MI_ISP_CHECK_InputBuffValid
                0x0000000000033c9c                MI_ISP_CHECK_InputSizeValid
                0x0000000000033d70                MI_ISP_CHECK_OutputSizeValid
                0x0000000000033dc8                MI_ISP_CHECK_ModuleOutputParamValid
                0x0000000000033f44                MI_ISP_CHECK_CropValid
                0x0000000000034258                MI_ISP_CHECK_Y2BChange
                0x00000000000342d4                MI_ISP_CHECK_ChnParamChange
                0x00000000000342f8                MI_ISP_CHECK_ZoomInfoValid
                0x0000000000034314                MI_ISP_CHECK_InputAttrChanged
                0x0000000000034344                MI_ISP_CHECK_OutputPortBindType
                0x0000000000034408                MI_ISP_CHECK_OutputBufferInfo
                0x00000000000344b4                MI_ISP_CHECK_IsMultiPlane
                0x00000000000344be                MI_ISP_CHECK_IsWaitDoneIndex
                0x00000000000344d8                MI_ISP_CHECK_InputModeChanged
                0x0000000000034538                MI_ISP_DRVCFG_RequestEnableIrq
                0x00000000000345d4                MI_ISP_DRVCFG_Init
                0x000000000003461c                MI_ISP_DRVCFG_DisableFreeIrq
                0x0000000000034684                MI_ISP_DRVCFG_DeInit
                0x00000000000346cc                MI_ISP_DRVCFG_SetAECrop
                0x00000000000346da                MI_ISP_DRVCFG_GetSwitchSensorId
                0x000000000003494c                MI_ISP_DRVCFG_GetSensorMaxFps
                0x00000000000349b4                MI_ISP_DRVCFG_SetAck
                0x0000000000034a04                MI_ISP_DRVCFG_SetSTA
                0x0000000000034a54                MI_ISP_DRVCFG_SetPDAF
                0x0000000000034aa4                MI_ISP_DRVCFG_SetHDRCfg
                0x0000000000034b08                MI_ISP_DRVCFG_NextFramePts
                0x0000000000034b6c                MI_ISP_DRVCFG_ProcessCfg
                0x0000000000034f38                MI_ISP_DRVCFG_IspNotifyDone
                0x0000000000034f84                MI_ISP_DRVCFG_WaitDone
                0x00000000000350a4                MI_ISP_DRVCFG_ReadFence
                0x00000000000353ec                MI_ISP_DRVCFG_VifMask
                0x000000000003543c                MI_ISP_DRVCFG_SwitchSensor
                0x0000000000035568                MI_ISP_DRVCFG_CreateInstance
                0x0000000000035694                MI_ISP_DRVCFG_DestroyInstance
                0x00000000000356ec                MI_ISP_DRVCFG_LdcPrepare
                0x00000000000357cc                MI_ISP_DRVCFG_LdcProcess
                0x0000000000035928                MI_ISP_DRVCFG_LdcReset
                0x00000000000359ec                MI_ISP_DRVCFG_LdcBarrier
                0x0000000000035ab4                MI_ISP_DRVCFG_LdcNotifyDone
                0x0000000000035b80                MI_ISP_DRVCFG_LdcStitchBarrier
                0x0000000000035c48                MI_ISP_DRVCFG_VifInputMaskRealtime
                0x0000000000035c58                MI_ISP_DRVCFG_InputCfg
                0x0000000000035dbc                MI_ISP_DRVCFG_GetSensorId
                0x0000000000035e74                MI_ISP_CHECK_SensorPadIsValid
                0x00000000000361c0                MI_ISP_PASS_Lock
                0x0000000000036250                MI_ISP_PASS_UnLock
                0x0000000000036270                MI_ISP_PASS_OnBarrierInputTask
                0x00000000000363f0                MI_ISP_PASS_OnCheckInputTaskStatus
                0x0000000000036518                MI_ISP_PASS_OnDequeueInputTask
                0x00000000000366f0                MI_ISP_PASS_ModuleonGetInterBindInputPortPassId
                0x000000000003679c                MI_ISP_PASS_ModuleonGetInterBindOutputPortPassId
                0x0000000000036848                MI_ISP_PASS_ModuleonGetCurPassInnerBindMode
                0x00000000000368ec                MI_ISP_PASS_ResetDevPass
                0x0000000000036a30                MI_ISP_PASS_IpuPassOnPrepareOutputTaskMetaInfo
                0x0000000000036b54                MI_ISP_PASS_IpuPassOnEnqueueInputTask
                0x0000000000037318                MI_ISP_PASS_IpuPassOnBarrierInputTask
                0x0000000000037418                MI_ISP_PASS_IpuPassOnCheckInputTaskStatus
                0x00000000000374f4                MI_ISP_PASS_IpuPassOnDequeueInputTask
                0x00000000000375a4                MI_ISP_PASS_IpuPassOnDequeueOutputTask
                0x00000000000376b0                MI_ISP_PASS_GetRealPLaneShfit
                0x0000000000037738                MI_ISP_PASS_ParseOutPutPortSideBandMsg
                0x0000000000037824                MI_ISP_PASS_SetEnqueueMsg
                0x0000000000037874                MI_ISP_IMPL_StartChannel
                0x0000000000037974                MI_ISP_IMPL_StopChannel
                0x0000000000037b68                MI_ISP_PASS_GetPassOutPortRes
                0x0000000000037bec                MI_ISP_PASS_OnBindOutputPort
                0x0000000000037e3c                MI_ISP_PASS_OnUnBindOutputPort
                0x0000000000037f20                MI_ISP_IMPL_SetOutputPortParam
                0x00000000000380e4                MI_ISP_IMPL_GetOutputPortParam
                0x00000000000381ec                MI_ISP_IMPL_EnableOutputPort
                0x00000000000383cc                MI_ISP_IMPL_DisableOutputPort
                0x0000000000038528                MI_ISP_PASS_PostPassOnCheckPassSkipMode
                0x0000000000038532                MI_ISP_PASS_AllotPlaneIndex
                0x0000000000038670                MI_ISP_PASS_GetSubChnResFromPlaneIndex